// Jest Snapshot v1, https://goo.gl/fbAQLP

exports[`debian tests should correctly analyze a debian image by sha256 1`] = `
Object {
  "scanResults": Array [
    Object {
      "facts": Array [
        Object {
          "data": Object {
            "graph": Object {
              "nodes": Array [
                Object {
                  "deps": Array [
                    Object {
                      "nodeId": "adduser@3.115|1",
                    },
                    Object {
                      "nodeId": "apt@1.4.10",
                    },
                    Object {
                      "nodeId": "apt/libapt-pkg5.0@1.4.10|2",
                    },
                    Object {
                      "nodeId": "base-files@9.9+deb9u13|1",
                    },
                    Object {
                      "nodeId": "base-passwd@3.5.43",
                    },
                    Object {
                      "nodeId": "bash@4.4-5",
                    },
                    Object {
                      "nodeId": "cdebconf/libdebconfclient0@0.227",
                    },
                    Object {
                      "nodeId": "coreutils@8.26-3",
                    },
                    Object {
                      "nodeId": "dash@0.5.8-2.4|2",
                    },
                    Object {
                      "nodeId": "debian-archive-keyring@2017.5+deb9u1|2",
                    },
                    Object {
                      "nodeId": "debianutils@4.8.1.1|2",
                    },
                    Object {
                      "nodeId": "diffutils@1:3.5-3",
                    },
                    Object {
                      "nodeId": "e2fsprogs@1.43.4-2+deb9u2",
                    },
                    Object {
                      "nodeId": "e2fsprogs/e2fslibs@1.43.4-2+deb9u2",
                    },
                    Object {
                      "nodeId": "e2fsprogs/libcomerr2@1.43.4-2+deb9u2",
                    },
                    Object {
                      "nodeId": "e2fsprogs/libss2@1.43.4-2+deb9u2|2",
                    },
                    Object {
                      "nodeId": "findutils@4.6.0+git+20161106-2",
                    },
                    Object {
                      "nodeId": "gcc-6/libstdc++6@6.3.0-18+deb9u1",
                    },
                    Object {
                      "nodeId": "glibc/libc-bin@2.24-11+deb9u4",
                    },
                    Object {
                      "nodeId": "gnupg2/gpgv@2.1.18-8~deb9u4|2",
                    },
                    Object {
                      "nodeId": "grep@2.27-2",
                    },
                    Object {
                      "nodeId": "gzip/gzip@1.6-5+b1",
                    },
                    Object {
                      "nodeId": "hostname/hostname@3.18+b1",
                    },
                    Object {
                      "nodeId": "init-system-helpers@1.48",
                    },
                    Object {
                      "nodeId": "iproute2@4.9.0-1+deb9u1",
                    },
                    Object {
                      "nodeId": "iputils/iputils-ping@3:20161105-1",
                    },
                    Object {
                      "nodeId": "libgcrypt20@1.7.6-2+deb9u3|2",
                    },
                    Object {
                      "nodeId": "libgpg-error/libgpg-error0@1.26-2",
                    },
                    Object {
                      "nodeId": "libsemanage/libsemanage-common@2.6-2",
                    },
                    Object {
                      "nodeId": "libsemanage/libsemanage1@2.6-2|1",
                    },
                    Object {
                      "nodeId": "libsepol/libsepol1@2.6-2",
                    },
                    Object {
                      "nodeId": "lsb/lsb-base@9.20161125",
                    },
                    Object {
                      "nodeId": "lz4/liblz4-1@0.0~r131-2+b1",
                    },
                    Object {
                      "nodeId": "mawk/mawk@1.3.3-17+b3",
                    },
                    Object {
                      "nodeId": "meta-common-packages@meta",
                    },
                    Object {
                      "nodeId": "ncurses/libncursesw5@6.0+20161126-1+deb9u2|2",
                    },
                    Object {
                      "nodeId": "ncurses/libtinfo5@6.0+20161126-1+deb9u2",
                    },
                    Object {
                      "nodeId": "ncurses/ncurses-base@6.0+20161126-1+deb9u2",
                    },
                    Object {
                      "nodeId": "ncurses/ncurses-bin@6.0+20161126-1+deb9u2",
                    },
                    Object {
                      "nodeId": "pam/libpam-modules@1.1.8-3.6|1",
                    },
                    Object {
                      "nodeId": "pam/libpam-modules-bin@1.1.8-3.6|1",
                    },
                    Object {
                      "nodeId": "pam/libpam-runtime@1.1.8-3.6|1",
                    },
                    Object {
                      "nodeId": "pam/libpam0g@1.1.8-3.6",
                    },
                    Object {
                      "nodeId": "sed@4.4-1",
                    },
                    Object {
                      "nodeId": "sensible-utils@0.0.9+deb9u1",
                    },
                    Object {
                      "nodeId": "shadow/login@1:4.4-4.1",
                    },
                    Object {
                      "nodeId": "shadow/passwd@1:4.4-4.1|1",
                    },
                    Object {
                      "nodeId": "systemd/libsystemd0@232-25+deb9u12|1",
                    },
                    Object {
                      "nodeId": "systemd/libudev1@232-25+deb9u12",
                    },
                    Object {
                      "nodeId": "sysvinit/sysvinit-utils@2.88dsf-59.9",
                    },
                    Object {
                      "nodeId": "tzdata@2020a-0+deb9u1",
                    },
                    Object {
                      "nodeId": "ustr/libustr-1.0-1@1.0.4-6",
                    },
                    Object {
                      "nodeId": "util-linux@2.29.2-1+deb9u1|2",
                    },
                    Object {
                      "nodeId": "util-linux/bsdutils@1:2.29.2-1+deb9u1",
                    },
                    Object {
                      "nodeId": "util-linux/libblkid1@2.29.2-1+deb9u1|1",
                    },
                    Object {
                      "nodeId": "util-linux/libfdisk1@2.29.2-1+deb9u1|2",
                    },
                    Object {
                      "nodeId": "util-linux/libmount1@2.29.2-1+deb9u1|1",
                    },
                    Object {
                      "nodeId": "util-linux/libsmartcols1@2.29.2-1+deb9u1",
                    },
                    Object {
                      "nodeId": "util-linux/libuuid1@2.29.2-1+deb9u1|2",
                    },
                    Object {
                      "nodeId": "util-linux/mount@2.29.2-1+deb9u1",
                    },
                  ],
                  "nodeId": "root-node",
                  "pkgId": "docker-image|debian@",
                },
                Object {
                  "deps": Array [],
                  "nodeId": "adduser@3.115|1",
                  "pkgId": "adduser@3.115",
                },
                Object {
                  "deps": Array [
                    Object {
                      "nodeId": "shadow/passwd@1:4.4-4.1|1",
                    },
                  ],
                  "nodeId": "adduser@3.115|2",
                  "pkgId": "adduser@3.115",
                },
                Object {
                  "deps": Array [],
                  "nodeId": "shadow/passwd@1:4.4-4.1|1",
                  "pkgId": "shadow/passwd@1:4.4-4.1",
                },
                Object {
                  "deps": Array [
                    Object {
                      "nodeId": "libsemanage/libsemanage1@2.6-2|2",
                    },
                    Object {
                      "nodeId": "pam/libpam-modules@1.1.8-3.6|1",
                    },
                    Object {
                      "nodeId": "pam/libpam0g@1.1.8-3.6",
                    },
                  ],
                  "nodeId": "shadow/passwd@1:4.4-4.1|2",
                  "pkgId": "shadow/passwd@1:4.4-4.1",
                },
                Object {
                  "deps": Array [],
                  "nodeId": "apt/libapt-pkg5.0@1.4.10|1",
                  "pkgId": "apt/libapt-pkg5.0@1.4.10",
                },
                Object {
                  "deps": Array [
                    Object {
                      "nodeId": "gcc-6/libstdc++6@6.3.0-18+deb9u1",
                    },
                    Object {
                      "nodeId": "lz4/liblz4-1@0.0~r131-2+b1",
                    },
                  ],
                  "nodeId": "apt/libapt-pkg5.0@1.4.10|2",
                  "pkgId": "apt/libapt-pkg5.0@1.4.10",
                },
                Object {
                  "deps": Array [],
                  "nodeId": "debian-archive-keyring@2017.5+deb9u1|1",
                  "pkgId": "debian-archive-keyring@2017.5+deb9u1",
                },
                Object {
                  "deps": Array [
                    Object {
                      "nodeId": "gnupg2/gpgv@2.1.18-8~deb9u4|1",
                    },
                  ],
                  "nodeId": "debian-archive-keyring@2017.5+deb9u1|2",
                  "pkgId": "debian-archive-keyring@2017.5+deb9u1",
                },
                Object {
                  "deps": Array [],
                  "nodeId": "gcc-6/libstdc++6@6.3.0-18+deb9u1",
                  "pkgId": "gcc-6/libstdc++6@6.3.0-18+deb9u1",
                },
                Object {
                  "deps": Array [],
                  "nodeId": "gnupg2/gpgv@2.1.18-8~deb9u4|1",
                  "pkgId": "gnupg2/gpgv@2.1.18-8~deb9u4",
                },
                Object {
                  "deps": Array [
                    Object {
                      "nodeId": "libgcrypt20@1.7.6-2+deb9u3|1",
                    },
                    Object {
                      "nodeId": "libgpg-error/libgpg-error0@1.26-2",
                    },
                  ],
                  "nodeId": "gnupg2/gpgv@2.1.18-8~deb9u4|2",
                  "pkgId": "gnupg2/gpgv@2.1.18-8~deb9u4",
                },
                Object {
                  "deps": Array [],
                  "nodeId": "init-system-helpers@1.48",
                  "pkgId": "init-system-helpers@1.48",
                },
                Object {
                  "deps": Array [
                    Object {
                      "nodeId": "adduser@3.115|2",
                    },
                    Object {
                      "nodeId": "apt/libapt-pkg5.0@1.4.10|1",
                    },
                    Object {
                      "nodeId": "debian-archive-keyring@2017.5+deb9u1|1",
                    },
                    Object {
                      "nodeId": "gcc-6/libstdc++6@6.3.0-18+deb9u1",
                    },
                    Object {
                      "nodeId": "gnupg2/gpgv@2.1.18-8~deb9u4|1",
                    },
                    Object {
                      "nodeId": "init-system-helpers@1.48",
                    },
                  ],
                  "nodeId": "apt@1.4.10",
                  "pkgId": "apt@1.4.10",
                },
                Object {
                  "deps": Array [],
                  "nodeId": "lz4/liblz4-1@0.0~r131-2+b1",
                  "pkgId": "lz4/liblz4-1@0.0~r131-2+b1",
                },
                Object {
                  "deps": Array [],
                  "nodeId": "base-files@9.9+deb9u13|1",
                  "pkgId": "base-files@9.9+deb9u13",
                },
                Object {
                  "deps": Array [
                    Object {
                      "nodeId": "mawk/mawk@1.3.3-17+b3",
                    },
                  ],
                  "nodeId": "base-files@9.9+deb9u13|2",
                  "pkgId": "base-files@9.9+deb9u13",
                },
                Object {
                  "deps": Array [],
                  "nodeId": "cdebconf/libdebconfclient0@0.227",
                  "pkgId": "cdebconf/libdebconfclient0@0.227",
                },
                Object {
                  "deps": Array [
                    Object {
                      "nodeId": "cdebconf/libdebconfclient0@0.227",
                    },
                  ],
                  "nodeId": "base-passwd@3.5.43",
                  "pkgId": "base-passwd@3.5.43",
                },
                Object {
                  "deps": Array [],
                  "nodeId": "mawk/mawk@1.3.3-17+b3",
                  "pkgId": "mawk/mawk@1.3.3-17+b3",
                },
                Object {
                  "deps": Array [],
                  "nodeId": "debianutils@4.8.1.1|1",
                  "pkgId": "debianutils@4.8.1.1",
                },
                Object {
                  "deps": Array [
                    Object {
                      "nodeId": "sensible-utils@0.0.9+deb9u1",
                    },
                  ],
                  "nodeId": "debianutils@4.8.1.1|2",
                  "pkgId": "debianutils@4.8.1.1",
                },
                Object {
                  "deps": Array [
                    Object {
                      "nodeId": "debianutils@4.8.1.1|1",
                    },
                  ],
                  "nodeId": "dash@0.5.8-2.4|1",
                  "pkgId": "dash@0.5.8-2.4",
                },
                Object {
                  "deps": Array [],
                  "nodeId": "dash@0.5.8-2.4|2",
                  "pkgId": "dash@0.5.8-2.4",
                },
                Object {
                  "deps": Array [],
                  "nodeId": "ncurses/libtinfo5@6.0+20161126-1+deb9u2",
                  "pkgId": "ncurses/libtinfo5@6.0+20161126-1+deb9u2",
                },
                Object {
                  "deps": Array [
                    Object {
                      "nodeId": "base-files@9.9+deb9u13|2",
                    },
                    Object {
                      "nodeId": "dash@0.5.8-2.4|1",
                    },
                    Object {
                      "nodeId": "debianutils@4.8.1.1|1",
                    },
                    Object {
                      "nodeId": "ncurses/libtinfo5@6.0+20161126-1+deb9u2",
                    },
                  ],
                  "nodeId": "bash@4.4-5",
                  "pkgId": "bash@4.4-5",
                },
                Object {
                  "deps": Array [],
                  "nodeId": "coreutils@8.26-3",
                  "pkgId": "coreutils@8.26-3",
                },
                Object {
                  "deps": Array [],
                  "nodeId": "sensible-utils@0.0.9+deb9u1",
                  "pkgId": "sensible-utils@0.0.9+deb9u1",
                },
                Object {
                  "deps": Array [],
                  "nodeId": "diffutils@1:3.5-3",
                  "pkgId": "diffutils@1:3.5-3",
                },
                Object {
                  "deps": Array [],
                  "nodeId": "e2fsprogs/e2fslibs@1.43.4-2+deb9u2",
                  "pkgId": "e2fsprogs/e2fslibs@1.43.4-2+deb9u2",
                },
                Object {
                  "deps": Array [],
                  "nodeId": "e2fsprogs/libcomerr2@1.43.4-2+deb9u2",
                  "pkgId": "e2fsprogs/libcomerr2@1.43.4-2+deb9u2",
                },
                Object {
                  "deps": Array [],
                  "nodeId": "e2fsprogs/libss2@1.43.4-2+deb9u2|1",
                  "pkgId": "e2fsprogs/libss2@1.43.4-2+deb9u2",
                },
                Object {
                  "deps": Array [
                    Object {
                      "nodeId": "e2fsprogs/libcomerr2@1.43.4-2+deb9u2",
                    },
                  ],
                  "nodeId": "e2fsprogs/libss2@1.43.4-2+deb9u2|2",
                  "pkgId": "e2fsprogs/libss2@1.43.4-2+deb9u2",
                },
                Object {
                  "deps": Array [],
                  "nodeId": "ncurses/libncursesw5@6.0+20161126-1+deb9u2|1",
                  "pkgId": "ncurses/libncursesw5@6.0+20161126-1+deb9u2",
                },
                Object {
                  "deps": Array [
                    Object {
                      "nodeId": "ncurses/libtinfo5@6.0+20161126-1+deb9u2",
                    },
                  ],
                  "nodeId": "ncurses/libncursesw5@6.0+20161126-1+deb9u2|2",
                  "pkgId": "ncurses/libncursesw5@6.0+20161126-1+deb9u2",
                },
                Object {
                  "deps": Array [],
                  "nodeId": "pam/libpam0g@1.1.8-3.6",
                  "pkgId": "pam/libpam0g@1.1.8-3.6",
                },
                Object {
                  "deps": Array [],
                  "nodeId": "systemd/libsystemd0@232-25+deb9u12|1",
                  "pkgId": "systemd/libsystemd0@232-25+deb9u12",
                },
                Object {
                  "deps": Array [
                    Object {
                      "nodeId": "libgcrypt20@1.7.6-2+deb9u3|1",
                    },
                    Object {
                      "nodeId": "lz4/liblz4-1@0.0~r131-2+b1",
                    },
                  ],
                  "nodeId": "systemd/libsystemd0@232-25+deb9u12|2",
                  "pkgId": "systemd/libsystemd0@232-25+deb9u12",
                },
                Object {
                  "deps": Array [],
                  "nodeId": "systemd/libudev1@232-25+deb9u12",
                  "pkgId": "systemd/libudev1@232-25+deb9u12",
                },
                Object {
                  "deps": Array [],
                  "nodeId": "util-linux/libblkid1@2.29.2-1+deb9u1|1",
                  "pkgId": "util-linux/libblkid1@2.29.2-1+deb9u1",
                },
                Object {
                  "deps": Array [
                    Object {
                      "nodeId": "util-linux/libuuid1@2.29.2-1+deb9u1|1",
                    },
                  ],
                  "nodeId": "util-linux/libblkid1@2.29.2-1+deb9u1|2",
                  "pkgId": "util-linux/libblkid1@2.29.2-1+deb9u1",
                },
                Object {
                  "deps": Array [],
                  "nodeId": "util-linux/libfdisk1@2.29.2-1+deb9u1|1",
                  "pkgId": "util-linux/libfdisk1@2.29.2-1+deb9u1",
                },
                Object {
                  "deps": Array [
                    Object {
                      "nodeId": "util-linux/libblkid1@2.29.2-1+deb9u1|1",
                    },
                    Object {
                      "nodeId": "util-linux/libuuid1@2.29.2-1+deb9u1|1",
                    },
                  ],
                  "nodeId": "util-linux/libfdisk1@2.29.2-1+deb9u1|2",
                  "pkgId": "util-linux/libfdisk1@2.29.2-1+deb9u1",
                },
                Object {
                  "deps": Array [],
                  "nodeId": "util-linux/libmount1@2.29.2-1+deb9u1|1",
                  "pkgId": "util-linux/libmount1@2.29.2-1+deb9u1",
                },
                Object {
                  "deps": Array [
                    Object {
                      "nodeId": "util-linux/libblkid1@2.29.2-1+deb9u1|1",
                    },
                  ],
                  "nodeId": "util-linux/libmount1@2.29.2-1+deb9u1|2",
                  "pkgId": "util-linux/libmount1@2.29.2-1+deb9u1",
                },
                Object {
                  "deps": Array [],
                  "nodeId": "util-linux/libsmartcols1@2.29.2-1+deb9u1",
                  "pkgId": "util-linux/libsmartcols1@2.29.2-1+deb9u1",
                },
                Object {
                  "deps": Array [],
                  "nodeId": "util-linux/libuuid1@2.29.2-1+deb9u1|1",
                  "pkgId": "util-linux/libuuid1@2.29.2-1+deb9u1",
                },
                Object {
                  "deps": Array [
                    Object {
                      "nodeId": "shadow/passwd@1:4.4-4.1|2",
                    },
                  ],
                  "nodeId": "util-linux/libuuid1@2.29.2-1+deb9u1|2",
                  "pkgId": "util-linux/libuuid1@2.29.2-1+deb9u1",
                },
                Object {
                  "deps": Array [
                    Object {
                      "nodeId": "ncurses/libncursesw5@6.0+20161126-1+deb9u2|1",
                    },
                    Object {
                      "nodeId": "ncurses/libtinfo5@6.0+20161126-1+deb9u2",
                    },
                    Object {
                      "nodeId": "pam/libpam0g@1.1.8-3.6",
                    },
                    Object {
                      "nodeId": "systemd/libsystemd0@232-25+deb9u12|1",
                    },
                    Object {
                      "nodeId": "systemd/libudev1@232-25+deb9u12",
                    },
                    Object {
                      "nodeId": "util-linux/libblkid1@2.29.2-1+deb9u1|1",
                    },
                    Object {
                      "nodeId": "util-linux/libfdisk1@2.29.2-1+deb9u1|1",
                    },
                    Object {
                      "nodeId": "util-linux/libmount1@2.29.2-1+deb9u1|1",
                    },
                    Object {
                      "nodeId": "util-linux/libsmartcols1@2.29.2-1+deb9u1",
                    },
                    Object {
                      "nodeId": "util-linux/libuuid1@2.29.2-1+deb9u1|1",
                    },
                  ],
                  "nodeId": "util-linux@2.29.2-1+deb9u1|1",
                  "pkgId": "util-linux@2.29.2-1+deb9u1",
                },
                Object {
                  "deps": Array [],
                  "nodeId": "util-linux@2.29.2-1+deb9u1|2",
                  "pkgId": "util-linux@2.29.2-1+deb9u1",
                },
                Object {
                  "deps": Array [
                    Object {
                      "nodeId": "e2fsprogs/e2fslibs@1.43.4-2+deb9u2",
                    },
                    Object {
                      "nodeId": "e2fsprogs/libcomerr2@1.43.4-2+deb9u2",
                    },
                    Object {
                      "nodeId": "e2fsprogs/libss2@1.43.4-2+deb9u2|1",
                    },
                    Object {
                      "nodeId": "util-linux@2.29.2-1+deb9u1|1",
                    },
                    Object {
                      "nodeId": "util-linux/libblkid1@2.29.2-1+deb9u1|1",
                    },
                    Object {
                      "nodeId": "util-linux/libuuid1@2.29.2-1+deb9u1|1",
                    },
                  ],
                  "nodeId": "e2fsprogs@1.43.4-2+deb9u2",
                  "pkgId": "e2fsprogs@1.43.4-2+deb9u2",
                },
                Object {
                  "deps": Array [],
                  "nodeId": "findutils@4.6.0+git+20161106-2",
                  "pkgId": "findutils@4.6.0+git+20161106-2",
                },
                Object {
                  "deps": Array [],
                  "nodeId": "glibc/libc-bin@2.24-11+deb9u4",
                  "pkgId": "glibc/libc-bin@2.24-11+deb9u4",
                },
                Object {
                  "deps": Array [],
                  "nodeId": "libgcrypt20@1.7.6-2+deb9u3|1",
                  "pkgId": "libgcrypt20@1.7.6-2+deb9u3",
                },
                Object {
                  "deps": Array [
                    Object {
                      "nodeId": "libgpg-error/libgpg-error0@1.26-2",
                    },
                  ],
                  "nodeId": "libgcrypt20@1.7.6-2+deb9u3|2",
                  "pkgId": "libgcrypt20@1.7.6-2+deb9u3",
                },
                Object {
                  "deps": Array [],
                  "nodeId": "libgpg-error/libgpg-error0@1.26-2",
                  "pkgId": "libgpg-error/libgpg-error0@1.26-2",
                },
                Object {
                  "deps": Array [],
                  "nodeId": "grep@2.27-2",
                  "pkgId": "grep@2.27-2",
                },
                Object {
                  "deps": Array [],
                  "nodeId": "gzip/gzip@1.6-5+b1",
                  "pkgId": "gzip/gzip@1.6-5+b1",
                },
                Object {
                  "deps": Array [],
                  "nodeId": "hostname/hostname@3.18+b1",
                  "pkgId": "hostname/hostname@3.18+b1",
                },
                Object {
                  "deps": Array [],
                  "nodeId": "db5.3/libdb5.3@5.3.28-12+deb9u1",
                  "pkgId": "db5.3/libdb5.3@5.3.28-12+deb9u1",
                },
                Object {
                  "deps": Array [],
                  "nodeId": "elfutils/libelf1@0.168-1",
                  "pkgId": "elfutils/libelf1@0.168-1",
                },
                Object {
                  "deps": Array [],
                  "nodeId": "libmnl/libmnl0@1.0.4-2",
                  "pkgId": "libmnl/libmnl0@1.0.4-2",
                },
                Object {
                  "deps": Array [
                    Object {
                      "nodeId": "db5.3/libdb5.3@5.3.28-12+deb9u1",
                    },
                    Object {
                      "nodeId": "elfutils/libelf1@0.168-1",
                    },
                    Object {
                      "nodeId": "libmnl/libmnl0@1.0.4-2",
                    },
                  ],
                  "nodeId": "iproute2@4.9.0-1+deb9u1",
                  "pkgId": "iproute2@4.9.0-1+deb9u1",
                },
                Object {
                  "deps": Array [],
                  "nodeId": "libcap2@1:2.25-1",
                  "pkgId": "libcap2@1:2.25-1",
                },
                Object {
                  "deps": Array [],
                  "nodeId": "libidn/libidn11@1.33-1+deb9u1",
                  "pkgId": "libidn/libidn11@1.33-1+deb9u1",
                },
                Object {
                  "deps": Array [],
                  "nodeId": "nettle/libnettle6@3.3-1+b2",
                  "pkgId": "nettle/libnettle6@3.3-1+b2",
                },
                Object {
                  "deps": Array [
                    Object {
                      "nodeId": "libcap2@1:2.25-1",
                    },
                    Object {
                      "nodeId": "libidn/libidn11@1.33-1+deb9u1",
                    },
                    Object {
                      "nodeId": "nettle/libnettle6@3.3-1+b2",
                    },
                  ],
                  "nodeId": "iputils/iputils-ping@3:20161105-1",
                  "pkgId": "iputils/iputils-ping@3:20161105-1",
                },
                Object {
                  "deps": Array [],
                  "nodeId": "libsemanage/libsemanage-common@2.6-2",
                  "pkgId": "libsemanage/libsemanage-common@2.6-2",
                },
                Object {
                  "deps": Array [],
                  "nodeId": "libsemanage/libsemanage1@2.6-2|1",
                  "pkgId": "libsemanage/libsemanage1@2.6-2",
                },
                Object {
                  "deps": Array [
                    Object {
                      "nodeId": "libsemanage/libsemanage-common@2.6-2",
                    },
                    Object {
                      "nodeId": "libsepol/libsepol1@2.6-2",
                    },
                    Object {
                      "nodeId": "ustr/libustr-1.0-1@1.0.4-6",
                    },
                  ],
                  "nodeId": "libsemanage/libsemanage1@2.6-2|2",
                  "pkgId": "libsemanage/libsemanage1@2.6-2",
                },
                Object {
                  "deps": Array [],
                  "nodeId": "libsepol/libsepol1@2.6-2",
                  "pkgId": "libsepol/libsepol1@2.6-2",
                },
                Object {
                  "deps": Array [],
                  "nodeId": "lsb/lsb-base@9.20161125",
                  "pkgId": "lsb/lsb-base@9.20161125",
                },
                Object {
                  "deps": Array [],
                  "nodeId": "acl/libacl1@2.2.52-3+b1",
                  "pkgId": "acl/libacl1@2.2.52-3+b1",
                },
                Object {
                  "deps": Array [],
                  "nodeId": "attr/libattr1@1:2.4.47-2+b2",
                  "pkgId": "attr/libattr1@1:2.4.47-2+b2",
                },
                Object {
                  "deps": Array [],
                  "nodeId": "audit/libaudit-common@1:2.6.7-2",
                  "pkgId": "audit/libaudit-common@1:2.6.7-2",
                },
                Object {
                  "deps": Array [],
                  "nodeId": "audit/libaudit1@1:2.6.7-2",
                  "pkgId": "audit/libaudit1@1:2.6.7-2",
                },
                Object {
                  "deps": Array [],
                  "nodeId": "bzip2/libbz2-1.0@1.0.6-8.1",
                  "pkgId": "bzip2/libbz2-1.0@1.0.6-8.1",
                },
                Object {
                  "deps": Array [],
                  "nodeId": "debconf@1.5.61",
                  "pkgId": "debconf@1.5.61",
                },
                Object {
                  "deps": Array [],
                  "nodeId": "dpkg@1.18.25",
                  "pkgId": "dpkg@1.18.25",
                },
                Object {
                  "deps": Array [],
                  "nodeId": "gcc-6/gcc-6-base@6.3.0-18+deb9u1",
                  "pkgId": "gcc-6/gcc-6-base@6.3.0-18+deb9u1",
                },
                Object {
                  "deps": Array [],
                  "nodeId": "gcc-6/libgcc1@1:6.3.0-18+deb9u1",
                  "pkgId": "gcc-6/libgcc1@1:6.3.0-18+deb9u1",
                },
                Object {
                  "deps": Array [],
                  "nodeId": "glibc/libc6@2.24-11+deb9u4",
                  "pkgId": "glibc/libc6@2.24-11+deb9u4",
                },
                Object {
                  "deps": Array [],
                  "nodeId": "glibc/multiarch-support@2.24-11+deb9u4",
                  "pkgId": "glibc/multiarch-support@2.24-11+deb9u4",
                },
                Object {
                  "deps": Array [],
                  "nodeId": "libcap-ng/libcap-ng0@0.7.7-3+b1",
                  "pkgId": "libcap-ng/libcap-ng0@0.7.7-3+b1",
                },
                Object {
                  "deps": Array [],
                  "nodeId": "libselinux/libselinux1@2.6-3+b3",
                  "pkgId": "libselinux/libselinux1@2.6-3+b3",
                },
                Object {
                  "deps": Array [],
                  "nodeId": "pcre3/libpcre3@2:8.39-3",
                  "pkgId": "pcre3/libpcre3@2:8.39-3",
                },
                Object {
                  "deps": Array [],
                  "nodeId": "perl/perl-base@5.24.1-3+deb9u7",
                  "pkgId": "perl/perl-base@5.24.1-3+deb9u7",
                },
                Object {
                  "deps": Array [],
                  "nodeId": "tar@1.29b-1.1",
                  "pkgId": "tar@1.29b-1.1",
                },
                Object {
                  "deps": Array [],
                  "nodeId": "xz-utils/liblzma5@5.2.2-1.2+b1",
                  "pkgId": "xz-utils/liblzma5@5.2.2-1.2+b1",
                },
                Object {
                  "deps": Array [],
                  "nodeId": "zlib/zlib1g@1:1.2.8.dfsg-5",
                  "pkgId": "zlib/zlib1g@1:1.2.8.dfsg-5",
                },
                Object {
                  "deps": Array [
                    Object {
                      "nodeId": "acl/libacl1@2.2.52-3+b1",
                    },
                    Object {
                      "nodeId": "attr/libattr1@1:2.4.47-2+b2",
                    },
                    Object {
                      "nodeId": "audit/libaudit-common@1:2.6.7-2",
                    },
                    Object {
                      "nodeId": "audit/libaudit1@1:2.6.7-2",
                    },
                    Object {
                      "nodeId": "bzip2/libbz2-1.0@1.0.6-8.1",
                    },
                    Object {
                      "nodeId": "debconf@1.5.61",
                    },
                    Object {
                      "nodeId": "dpkg@1.18.25",
                    },
                    Object {
                      "nodeId": "gcc-6/gcc-6-base@6.3.0-18+deb9u1",
                    },
                    Object {
                      "nodeId": "gcc-6/libgcc1@1:6.3.0-18+deb9u1",
                    },
                    Object {
                      "nodeId": "glibc/libc6@2.24-11+deb9u4",
                    },
                    Object {
                      "nodeId": "glibc/multiarch-support@2.24-11+deb9u4",
                    },
                    Object {
                      "nodeId": "libcap-ng/libcap-ng0@0.7.7-3+b1",
                    },
                    Object {
                      "nodeId": "libselinux/libselinux1@2.6-3+b3",
                    },
                    Object {
                      "nodeId": "pcre3/libpcre3@2:8.39-3",
                    },
                    Object {
                      "nodeId": "perl/perl-base@5.24.1-3+deb9u7",
                    },
                    Object {
                      "nodeId": "tar@1.29b-1.1",
                    },
                    Object {
                      "nodeId": "xz-utils/liblzma5@5.2.2-1.2+b1",
                    },
                    Object {
                      "nodeId": "zlib/zlib1g@1:1.2.8.dfsg-5",
                    },
                  ],
                  "nodeId": "meta-common-packages@meta",
                  "pkgId": "meta-common-packages@meta",
                },
                Object {
                  "deps": Array [],
                  "nodeId": "ncurses/ncurses-base@6.0+20161126-1+deb9u2",
                  "pkgId": "ncurses/ncurses-base@6.0+20161126-1+deb9u2",
                },
                Object {
                  "deps": Array [
                    Object {
                      "nodeId": "ncurses/libtinfo5@6.0+20161126-1+deb9u2",
                    },
                  ],
                  "nodeId": "ncurses/ncurses-bin@6.0+20161126-1+deb9u2",
                  "pkgId": "ncurses/ncurses-bin@6.0+20161126-1+deb9u2",
                },
                Object {
                  "deps": Array [],
                  "nodeId": "pam/libpam-modules@1.1.8-3.6|1",
                  "pkgId": "pam/libpam-modules@1.1.8-3.6",
                },
                Object {
                  "deps": Array [
                    Object {
                      "nodeId": "db5.3/libdb5.3@5.3.28-12+deb9u1",
                    },
                    Object {
                      "nodeId": "pam/libpam-modules-bin@1.1.8-3.6|2",
                    },
                    Object {
                      "nodeId": "pam/libpam0g@1.1.8-3.6",
                    },
                  ],
                  "nodeId": "pam/libpam-modules@1.1.8-3.6|2",
                  "pkgId": "pam/libpam-modules@1.1.8-3.6",
                },
                Object {
                  "deps": Array [],
                  "nodeId": "pam/libpam-modules-bin@1.1.8-3.6|1",
                  "pkgId": "pam/libpam-modules-bin@1.1.8-3.6",
                },
                Object {
                  "deps": Array [
                    Object {
                      "nodeId": "pam/libpam0g@1.1.8-3.6",
                    },
                  ],
                  "nodeId": "pam/libpam-modules-bin@1.1.8-3.6|2",
                  "pkgId": "pam/libpam-modules-bin@1.1.8-3.6",
                },
                Object {
                  "deps": Array [
                    Object {
                      "nodeId": "pam/libpam-modules@1.1.8-3.6|2",
                    },
                  ],
                  "nodeId": "pam/libpam-runtime@1.1.8-3.6|1",
                  "pkgId": "pam/libpam-runtime@1.1.8-3.6",
                },
                Object {
                  "deps": Array [],
                  "nodeId": "pam/libpam-runtime@1.1.8-3.6|2",
                  "pkgId": "pam/libpam-runtime@1.1.8-3.6",
                },
                Object {
                  "deps": Array [],
                  "nodeId": "sed@4.4-1",
                  "pkgId": "sed@4.4-1",
                },
                Object {
                  "deps": Array [
                    Object {
                      "nodeId": "pam/libpam-modules@1.1.8-3.6|1",
                    },
                    Object {
                      "nodeId": "pam/libpam-runtime@1.1.8-3.6|2",
                    },
                    Object {
                      "nodeId": "pam/libpam0g@1.1.8-3.6",
                    },
                  ],
                  "nodeId": "shadow/login@1:4.4-4.1",
                  "pkgId": "shadow/login@1:4.4-4.1",
                },
                Object {
                  "deps": Array [
                    Object {
                      "nodeId": "init-system-helpers@1.48",
                    },
                    Object {
                      "nodeId": "util-linux@2.29.2-1+deb9u1|2",
                    },
                  ],
                  "nodeId": "sysvinit/sysvinit-utils@2.88dsf-59.9",
                  "pkgId": "sysvinit/sysvinit-utils@2.88dsf-59.9",
                },
                Object {
                  "deps": Array [],
                  "nodeId": "tzdata@2020a-0+deb9u1",
                  "pkgId": "tzdata@2020a-0+deb9u1",
                },
                Object {
                  "deps": Array [],
                  "nodeId": "ustr/libustr-1.0-1@1.0.4-6",
                  "pkgId": "ustr/libustr-1.0-1@1.0.4-6",
                },
                Object {
                  "deps": Array [
                    Object {
                      "nodeId": "systemd/libsystemd0@232-25+deb9u12|2",
                    },
                  ],
                  "nodeId": "util-linux/bsdutils@1:2.29.2-1+deb9u1",
                  "pkgId": "util-linux/bsdutils@1:2.29.2-1+deb9u1",
                },
                Object {
                  "deps": Array [
                    Object {
                      "nodeId": "systemd/libudev1@232-25+deb9u12",
                    },
                    Object {
                      "nodeId": "util-linux/libblkid1@2.29.2-1+deb9u1|2",
                    },
                    Object {
                      "nodeId": "util-linux/libmount1@2.29.2-1+deb9u1|2",
                    },
                    Object {
                      "nodeId": "util-linux/libsmartcols1@2.29.2-1+deb9u1",
                    },
                  ],
                  "nodeId": "util-linux/mount@2.29.2-1+deb9u1",
                  "pkgId": "util-linux/mount@2.29.2-1+deb9u1",
                },
              ],
              "rootNodeId": "root-node",
            },
            "pkgManager": Object {
              "name": "deb",
              "repositories": Array [
                Object {
                  "alias": "debian:9",
                },
              ],
            },
            "pkgs": Array [
              Object {
                "id": "docker-image|debian@",
                "info": Object {
                  "name": "docker-image|debian",
                  "version": undefined,
                },
              },
              Object {
                "id": "adduser@3.115",
                "info": Object {
                  "name": "adduser",
                  "version": "3.115",
                },
              },
              Object {
                "id": "shadow/passwd@1:4.4-4.1",
                "info": Object {
                  "name": "shadow/passwd",
                  "version": "1:4.4-4.1",
                },
              },
              Object {
                "id": "apt/libapt-pkg5.0@1.4.10",
                "info": Object {
                  "name": "apt/libapt-pkg5.0",
                  "version": "1.4.10",
                },
              },
              Object {
                "id": "debian-archive-keyring@2017.5+deb9u1",
                "info": Object {
                  "name": "debian-archive-keyring",
                  "version": "2017.5+deb9u1",
                },
              },
              Object {
                "id": "gcc-6/libstdc++6@6.3.0-18+deb9u1",
                "info": Object {
                  "name": "gcc-6/libstdc++6",
                  "version": "6.3.0-18+deb9u1",
                },
              },
              Object {
                "id": "gnupg2/gpgv@2.1.18-8~deb9u4",
                "info": Object {
                  "name": "gnupg2/gpgv",
                  "version": "2.1.18-8~deb9u4",
                },
              },
              Object {
                "id": "init-system-helpers@1.48",
                "info": Object {
                  "name": "init-system-helpers",
                  "version": "1.48",
                },
              },
              Object {
                "id": "apt@1.4.10",
                "info": Object {
                  "name": "apt",
                  "version": "1.4.10",
                },
              },
              Object {
                "id": "lz4/liblz4-1@0.0~r131-2+b1",
                "info": Object {
                  "name": "lz4/liblz4-1",
                  "version": "0.0~r131-2+b1",
                },
              },
              Object {
                "id": "base-files@9.9+deb9u13",
                "info": Object {
                  "name": "base-files",
                  "version": "9.9+deb9u13",
                },
              },
              Object {
                "id": "cdebconf/libdebconfclient0@0.227",
                "info": Object {
                  "name": "cdebconf/libdebconfclient0",
                  "version": "0.227",
                },
              },
              Object {
                "id": "base-passwd@3.5.43",
                "info": Object {
                  "name": "base-passwd",
                  "version": "3.5.43",
                },
              },
              Object {
                "id": "mawk/mawk@1.3.3-17+b3",
                "info": Object {
                  "name": "mawk/mawk",
                  "version": "1.3.3-17+b3",
                },
              },
              Object {
                "id": "debianutils@4.8.1.1",
                "info": Object {
                  "name": "debianutils",
                  "version": "4.8.1.1",
                },
              },
              Object {
                "id": "dash@0.5.8-2.4",
                "info": Object {
                  "name": "dash",
                  "version": "0.5.8-2.4",
                },
              },
              Object {
                "id": "ncurses/libtinfo5@6.0+20161126-1+deb9u2",
                "info": Object {
                  "name": "ncurses/libtinfo5",
                  "version": "6.0+20161126-1+deb9u2",
                },
              },
              Object {
                "id": "bash@4.4-5",
                "info": Object {
                  "name": "bash",
                  "version": "4.4-5",
                },
              },
              Object {
                "id": "coreutils@8.26-3",
                "info": Object {
                  "name": "coreutils",
                  "version": "8.26-3",
                },
              },
              Object {
                "id": "sensible-utils@0.0.9+deb9u1",
                "info": Object {
                  "name": "sensible-utils",
                  "version": "0.0.9+deb9u1",
                },
              },
              Object {
                "id": "diffutils@1:3.5-3",
                "info": Object {
                  "name": "diffutils",
                  "version": "1:3.5-3",
                },
              },
              Object {
                "id": "e2fsprogs/e2fslibs@1.43.4-2+deb9u2",
                "info": Object {
                  "name": "e2fsprogs/e2fslibs",
                  "version": "1.43.4-2+deb9u2",
                },
              },
              Object {
                "id": "e2fsprogs/libcomerr2@1.43.4-2+deb9u2",
                "info": Object {
                  "name": "e2fsprogs/libcomerr2",
                  "version": "1.43.4-2+deb9u2",
                },
              },
              Object {
                "id": "e2fsprogs/libss2@1.43.4-2+deb9u2",
                "info": Object {
                  "name": "e2fsprogs/libss2",
                  "version": "1.43.4-2+deb9u2",
                },
              },
              Object {
                "id": "ncurses/libncursesw5@6.0+20161126-1+deb9u2",
                "info": Object {
                  "name": "ncurses/libncursesw5",
                  "version": "6.0+20161126-1+deb9u2",
                },
              },
              Object {
                "id": "pam/libpam0g@1.1.8-3.6",
                "info": Object {
                  "name": "pam/libpam0g",
                  "version": "1.1.8-3.6",
                },
              },
              Object {
                "id": "systemd/libsystemd0@232-25+deb9u12",
                "info": Object {
                  "name": "systemd/libsystemd0",
                  "version": "232-25+deb9u12",
                },
              },
              Object {
                "id": "systemd/libudev1@232-25+deb9u12",
                "info": Object {
                  "name": "systemd/libudev1",
                  "version": "232-25+deb9u12",
                },
              },
              Object {
                "id": "util-linux/libblkid1@2.29.2-1+deb9u1",
                "info": Object {
                  "name": "util-linux/libblkid1",
                  "version": "2.29.2-1+deb9u1",
                },
              },
              Object {
                "id": "util-linux/libfdisk1@2.29.2-1+deb9u1",
                "info": Object {
                  "name": "util-linux/libfdisk1",
                  "version": "2.29.2-1+deb9u1",
                },
              },
              Object {
                "id": "util-linux/libmount1@2.29.2-1+deb9u1",
                "info": Object {
                  "name": "util-linux/libmount1",
                  "version": "2.29.2-1+deb9u1",
                },
              },
              Object {
                "id": "util-linux/libsmartcols1@2.29.2-1+deb9u1",
                "info": Object {
                  "name": "util-linux/libsmartcols1",
                  "version": "2.29.2-1+deb9u1",
                },
              },
              Object {
                "id": "util-linux/libuuid1@2.29.2-1+deb9u1",
                "info": Object {
                  "name": "util-linux/libuuid1",
                  "version": "2.29.2-1+deb9u1",
                },
              },
              Object {
                "id": "util-linux@2.29.2-1+deb9u1",
                "info": Object {
                  "name": "util-linux",
                  "version": "2.29.2-1+deb9u1",
                },
              },
              Object {
                "id": "e2fsprogs@1.43.4-2+deb9u2",
                "info": Object {
                  "name": "e2fsprogs",
                  "version": "1.43.4-2+deb9u2",
                },
              },
              Object {
                "id": "findutils@4.6.0+git+20161106-2",
                "info": Object {
                  "name": "findutils",
                  "version": "4.6.0+git+20161106-2",
                },
              },
              Object {
                "id": "glibc/libc-bin@2.24-11+deb9u4",
                "info": Object {
                  "name": "glibc/libc-bin",
                  "version": "2.24-11+deb9u4",
                },
              },
              Object {
                "id": "libgcrypt20@1.7.6-2+deb9u3",
                "info": Object {
                  "name": "libgcrypt20",
                  "version": "1.7.6-2+deb9u3",
                },
              },
              Object {
                "id": "libgpg-error/libgpg-error0@1.26-2",
                "info": Object {
                  "name": "libgpg-error/libgpg-error0",
                  "version": "1.26-2",
                },
              },
              Object {
                "id": "grep@2.27-2",
                "info": Object {
                  "name": "grep",
                  "version": "2.27-2",
                },
              },
              Object {
                "id": "gzip/gzip@1.6-5+b1",
                "info": Object {
                  "name": "gzip/gzip",
                  "version": "1.6-5+b1",
                },
              },
              Object {
                "id": "hostname/hostname@3.18+b1",
                "info": Object {
                  "name": "hostname/hostname",
                  "version": "3.18+b1",
                },
              },
              Object {
                "id": "db5.3/libdb5.3@5.3.28-12+deb9u1",
                "info": Object {
                  "name": "db5.3/libdb5.3",
                  "version": "5.3.28-12+deb9u1",
                },
              },
              Object {
                "id": "elfutils/libelf1@0.168-1",
                "info": Object {
                  "name": "elfutils/libelf1",
                  "version": "0.168-1",
                },
              },
              Object {
                "id": "libmnl/libmnl0@1.0.4-2",
                "info": Object {
                  "name": "libmnl/libmnl0",
                  "version": "1.0.4-2",
                },
              },
              Object {
                "id": "iproute2@4.9.0-1+deb9u1",
                "info": Object {
                  "name": "iproute2",
                  "version": "4.9.0-1+deb9u1",
                },
              },
              Object {
                "id": "libcap2@1:2.25-1",
                "info": Object {
                  "name": "libcap2",
                  "version": "1:2.25-1",
                },
              },
              Object {
                "id": "libidn/libidn11@1.33-1+deb9u1",
                "info": Object {
                  "name": "libidn/libidn11",
                  "version": "1.33-1+deb9u1",
                },
              },
              Object {
                "id": "nettle/libnettle6@3.3-1+b2",
                "info": Object {
                  "name": "nettle/libnettle6",
                  "version": "3.3-1+b2",
                },
              },
              Object {
                "id": "iputils/iputils-ping@3:20161105-1",
                "info": Object {
                  "name": "iputils/iputils-ping",
                  "version": "3:20161105-1",
                },
              },
              Object {
                "id": "libsemanage/libsemanage-common@2.6-2",
                "info": Object {
                  "name": "libsemanage/libsemanage-common",
                  "version": "2.6-2",
                },
              },
              Object {
                "id": "libsemanage/libsemanage1@2.6-2",
                "info": Object {
                  "name": "libsemanage/libsemanage1",
                  "version": "2.6-2",
                },
              },
              Object {
                "id": "libsepol/libsepol1@2.6-2",
                "info": Object {
                  "name": "libsepol/libsepol1",
                  "version": "2.6-2",
                },
              },
              Object {
                "id": "lsb/lsb-base@9.20161125",
                "info": Object {
                  "name": "lsb/lsb-base",
                  "version": "9.20161125",
                },
              },
              Object {
                "id": "acl/libacl1@2.2.52-3+b1",
                "info": Object {
                  "name": "acl/libacl1",
                  "version": "2.2.52-3+b1",
                },
              },
              Object {
                "id": "attr/libattr1@1:2.4.47-2+b2",
                "info": Object {
                  "name": "attr/libattr1",
                  "version": "1:2.4.47-2+b2",
                },
              },
              Object {
                "id": "audit/libaudit-common@1:2.6.7-2",
                "info": Object {
                  "name": "audit/libaudit-common",
                  "version": "1:2.6.7-2",
                },
              },
              Object {
                "id": "audit/libaudit1@1:2.6.7-2",
                "info": Object {
                  "name": "audit/libaudit1",
                  "version": "1:2.6.7-2",
                },
              },
              Object {
                "id": "bzip2/libbz2-1.0@1.0.6-8.1",
                "info": Object {
                  "name": "bzip2/libbz2-1.0",
                  "version": "1.0.6-8.1",
                },
              },
              Object {
                "id": "debconf@1.5.61",
                "info": Object {
                  "name": "debconf",
                  "version": "1.5.61",
                },
              },
              Object {
                "id": "dpkg@1.18.25",
                "info": Object {
                  "name": "dpkg",
                  "version": "1.18.25",
                },
              },
              Object {
                "id": "gcc-6/gcc-6-base@6.3.0-18+deb9u1",
                "info": Object {
                  "name": "gcc-6/gcc-6-base",
                  "version": "6.3.0-18+deb9u1",
                },
              },
              Object {
                "id": "gcc-6/libgcc1@1:6.3.0-18+deb9u1",
                "info": Object {
                  "name": "gcc-6/libgcc1",
                  "version": "1:6.3.0-18+deb9u1",
                },
              },
              Object {
                "id": "glibc/libc6@2.24-11+deb9u4",
                "info": Object {
                  "name": "glibc/libc6",
                  "version": "2.24-11+deb9u4",
                },
              },
              Object {
                "id": "glibc/multiarch-support@2.24-11+deb9u4",
                "info": Object {
                  "name": "glibc/multiarch-support",
                  "version": "2.24-11+deb9u4",
                },
              },
              Object {
                "id": "libcap-ng/libcap-ng0@0.7.7-3+b1",
                "info": Object {
                  "name": "libcap-ng/libcap-ng0",
                  "version": "0.7.7-3+b1",
                },
              },
              Object {
                "id": "libselinux/libselinux1@2.6-3+b3",
                "info": Object {
                  "name": "libselinux/libselinux1",
                  "version": "2.6-3+b3",
                },
              },
              Object {
                "id": "pcre3/libpcre3@2:8.39-3",
                "info": Object {
                  "name": "pcre3/libpcre3",
                  "version": "2:8.39-3",
                },
              },
              Object {
                "id": "perl/perl-base@5.24.1-3+deb9u7",
                "info": Object {
                  "name": "perl/perl-base",
                  "version": "5.24.1-3+deb9u7",
                },
              },
              Object {
                "id": "tar@1.29b-1.1",
                "info": Object {
                  "name": "tar",
                  "version": "1.29b-1.1",
                },
              },
              Object {
                "id": "xz-utils/liblzma5@5.2.2-1.2+b1",
                "info": Object {
                  "name": "xz-utils/liblzma5",
                  "version": "5.2.2-1.2+b1",
                },
              },
              Object {
                "id": "zlib/zlib1g@1:1.2.8.dfsg-5",
                "info": Object {
                  "name": "zlib/zlib1g",
                  "version": "1:1.2.8.dfsg-5",
                },
              },
              Object {
                "id": "meta-common-packages@meta",
                "info": Object {
                  "name": "meta-common-packages",
                  "version": "meta",
                },
              },
              Object {
                "id": "ncurses/ncurses-base@6.0+20161126-1+deb9u2",
                "info": Object {
                  "name": "ncurses/ncurses-base",
                  "version": "6.0+20161126-1+deb9u2",
                },
              },
              Object {
                "id": "ncurses/ncurses-bin@6.0+20161126-1+deb9u2",
                "info": Object {
                  "name": "ncurses/ncurses-bin",
                  "version": "6.0+20161126-1+deb9u2",
                },
              },
              Object {
                "id": "pam/libpam-modules@1.1.8-3.6",
                "info": Object {
                  "name": "pam/libpam-modules",
                  "version": "1.1.8-3.6",
                },
              },
              Object {
                "id": "pam/libpam-modules-bin@1.1.8-3.6",
                "info": Object {
                  "name": "pam/libpam-modules-bin",
                  "version": "1.1.8-3.6",
                },
              },
              Object {
                "id": "pam/libpam-runtime@1.1.8-3.6",
                "info": Object {
                  "name": "pam/libpam-runtime",
                  "version": "1.1.8-3.6",
                },
              },
              Object {
                "id": "sed@4.4-1",
                "info": Object {
                  "name": "sed",
                  "version": "4.4-1",
                },
              },
              Object {
                "id": "shadow/login@1:4.4-4.1",
                "info": Object {
                  "name": "shadow/login",
                  "version": "1:4.4-4.1",
                },
              },
              Object {
                "id": "sysvinit/sysvinit-utils@2.88dsf-59.9",
                "info": Object {
                  "name": "sysvinit/sysvinit-utils",
                  "version": "2.88dsf-59.9",
                },
              },
              Object {
                "id": "tzdata@2020a-0+deb9u1",
                "info": Object {
                  "name": "tzdata",
                  "version": "2020a-0+deb9u1",
                },
              },
              Object {
                "id": "ustr/libustr-1.0-1@1.0.4-6",
                "info": Object {
                  "name": "ustr/libustr-1.0-1",
                  "version": "1.0.4-6",
                },
              },
              Object {
                "id": "util-linux/bsdutils@1:2.29.2-1+deb9u1",
                "info": Object {
                  "name": "util-linux/bsdutils",
                  "version": "1:2.29.2-1+deb9u1",
                },
              },
              Object {
                "id": "util-linux/mount@2.29.2-1+deb9u1",
                "info": Object {
                  "name": "util-linux/mount",
                  "version": "2.29.2-1+deb9u1",
                },
              },
            ],
            "schemaVersion": "1.3.0",
          },
          "type": "depGraph",
        },
        Object {
          "data": "sha256:27f9bc730bd1a6a041e45fadd7150e936d585df1521b852d73e441bc1fd1f25f",
          "type": "imageId",
        },
        Object {
          "data": Array [
            "1055bdb815777509eb503f8729b3ab549118c3f0931cc16a42a6712a74513e90/layer.tar",
          ],
          "type": "imageLayers",
        },
        Object {
          "data": "2020-09-10T00:30:05.463804767Z",
          "type": "imageCreationTime",
        },
        Object {
          "data": Array [
            "sha256:b323b70996e4f6d603c331669ac44cf6234a2e22002d3686e9c88398c6911c25",
          ],
          "type": "rootFs",
        },
        Object {
          "data": "Debian GNU/Linux 9 (stretch)",
          "type": "imageOsReleasePrettyName",
        },
      ],
      "identity": Object {
        "args": Object {
          "platform": "linux/amd64",
        },
        "type": "deb",
      },
      "target": Object {
        "image": "docker-image|debian",
      },
    },
  ],
}
`;
