// Jest Snapshot v1, https://goo.gl/fbAQLP

exports[`oracle linux tests should correctly analyze an oracle linux image by sha256 1`] = `
Object {
  "scanResults": Array [
    Object {
      "facts": Array [
        Object {
          "data": Object {
            "graph": Object {
              "nodes": Array [
                Object {
                  "deps": Array [],
                  "nodeId": "root-node",
                  "pkgId": "docker-image|oraclelinux@",
                },
              ],
              "rootNodeId": "root-node",
            },
            "pkgManager": Object {
              "name": "linux",
              "repositories": Array [
                Object {
                  "alias": "oracle:8",
                },
              ],
            },
            "pkgs": Array [
              Object {
                "id": "docker-image|oraclelinux@",
                "info": Object {
                  "name": "docker-image|oraclelinux",
                  "version": undefined,
                },
              },
            ],
            "schemaVersion": "1.3.0",
          },
          "type": "depGraph",
        },
        Object {
          "data": "sha256:c23ddcc8aacfa4742804c99faabc26042a1864254af7107dbb5126628a18f3d7",
          "type": "imageId",
        },
        Object {
          "data": Array [
            "sha256:8f5b0a4c155316ae86167c983db7048fe2db2e9691093b35377eaf9d9b28ecc9",
          ],
          "type": "imageLayers",
        },
        Object {
          "data": Object {
            "org.opencontainers.image.authors": "Oracle Linux Product Team <ol-ovm-info_ww@oracle.com>",
            "org.opencontainers.image.description": "Oracle Linux is an open-source       operating system available under the GNU General Public License (GPLv2) and       is suitable for both general purpose or Oracle workloads.",
            "org.opencontainers.image.source": "https://github.com/oracle/container-images/tree/dist-amd64/8.2",
            "org.opencontainers.image.title": "Oracle Linux 8",
            "org.opencontainers.image.url": "https://github.com/oracle/container-images",
            "org.opencontainers.image.vendor": "Oracle America, Inc",
          },
          "type": "imageLabels",
        },
        Object {
          "data": Object {
            "argsEscaped": true,
            "cmd": Array [
              "/bin/bash",
            ],
            "entrypoint": null,
            "env": Array [
              "PATH=/usr/local/sbin:/usr/local/bin:/usr/sbin:/usr/bin:/sbin:/bin",
            ],
            "user": "",
            "volumes": null,
            "workingDir": "",
          },
          "type": "containerConfig",
        },
        Object {
          "data": Array [
            Object {
              "created": "2020-09-15T21:21:01.942772217Z",
              "createdBy": "/bin/sh -c #(nop)  LABEL org.opencontainers.image.authors=Oracle Linux Product Team <ol-ovm-info_ww@oracle.com> org.opencontainers.image.url=https://github.com/oracle/container-images org.opencontainers.image.source=https://github.com/oracle/container-images/tree/dist-amd64/8.2 org.opencontainers.image.vendor=Oracle America, Inc org.opencontainers.image.title=Oracle Linux 8 org.opencontainers.image.description=Oracle Linux is an open-source       operating system available under the GNU General Public License (GPLv2) and       is suitable for both general purpose or Oracle workloads.",
              "emptyLayer": true,
            },
            Object {
              "created": "2020-09-15T21:21:12.827888302Z",
              "createdBy": "/bin/sh -c #(nop) ADD file:2a819d4d306fe14756f74012798619430645e989be5462c1363009c8920cea3b in / ",
            },
            Object {
              "created": "2020-09-15T21:21:13.371332071Z",
              "createdBy": "/bin/sh -c #(nop)  CMD [\\"/bin/bash\\"]",
              "emptyLayer": true,
            },
          ],
          "type": "history",
        },
        Object {
          "data": "2020-09-15T21:21:13.371332071Z",
          "type": "imageCreationTime",
        },
        Object {
          "data": Array [
            "sha256:8f5b0a4c155316ae86167c983db7048fe2db2e9691093b35377eaf9d9b28ecc9",
          ],
          "type": "rootFs",
        },
        Object {
          "data": "Oracle Linux Server 8.2",
          "type": "imageOsReleasePrettyName",
        },
        Object {
          "data": Object {
            "names": Array [
              "oraclelinux@sha256:652409ec0fd4e79b07ecf82e35ebf50277be69f6b8e873129a55a0bdedf827d0",
            ],
          },
          "type": "imageNames",
        },
        Object {
          "data": "linux/amd64",
          "type": "platform",
        },
        Object {
          "data": "0.0.0-local",
          "type": "pluginVersion",
        },
      ],
      "identity": Object {
        "args": Object {
          "platform": "linux/amd64",
        },
        "type": "linux",
      },
      "target": Object {
        "image": "docker-image|oraclelinux",
      },
    },
  ],
}
`;
