// Jest Snapshot v1, https://goo.gl/fbAQLP

exports[`scratch tests should correctly analyze an scratch image by sha256 1`] = `
{
  "scanResults": [
    {
      "facts": [
        {
          "data": {
            "graph": {
              "nodes": [
                {
                  "deps": [],
                  "nodeId": "root-node",
                  "pkgId": "docker-image|snyk/runtime-fixtures@scratch",
                },
              ],
              "rootNodeId": "root-node",
            },
            "pkgManager": {
              "name": "linux",
              "repositories": [
                {
                  "alias": "unknown:0.0",
                },
              ],
            },
            "pkgs": [
              {
                "id": "docker-image|snyk/runtime-fixtures@scratch",
                "info": {
                  "name": "docker-image|snyk/runtime-fixtures",
                  "version": "scratch",
                },
              },
            ],
            "schemaVersion": "1.3.0",
          },
          "type": "depGraph",
        },
        {
          "data": "sha256:3e9c14093f51ff6402e39c4fbe3bfa08773bbc63db8bce4e948cd85f88a59f6d",
          "type": "imageId",
        },
        {
          "data": [
            "sha256:030010b308e3e918de7f8e174a741c7e2f780e37e83fb529c27bcfbaceebfe45",
          ],
          "type": "imageLayers",
        },
        {
          "data": {
            "cmd": null,
            "entrypoint": [
              "./scratch",
            ],
            "env": [
              "PATH=/usr/local/sbin:/usr/local/bin:/usr/sbin:/usr/bin:/sbin:/bin",
            ],
            "user": "",
            "volumes": null,
            "workingDir": "",
          },
          "type": "containerConfig",
        },
        {
          "data": [
            {
              "created": "2020-09-26T20:05:17.4883466Z",
              "createdBy": "/bin/sh -c #(nop) COPY file:ba4d1800056e84a98eb53a8e70accfbba7fd0b9292f1cd09414ddb0f330b1aec in . ",
            },
            {
              "created": "2020-09-26T20:05:17.6183383Z",
              "createdBy": "/bin/sh -c #(nop)  ENTRYPOINT ["./scratch"]",
              "emptyLayer": true,
            },
          ],
          "type": "history",
        },
        {
          "data": "2020-09-26T20:05:17.6183383Z",
          "type": "imageCreationTime",
        },
        {
          "data": [
            "sha256:030010b308e3e918de7f8e174a741c7e2f780e37e83fb529c27bcfbaceebfe45",
          ],
          "type": "rootFs",
        },
        {
          "data": {
            "names": [
              "snyk/runtime-fixtures:scratch",
            ],
          },
          "type": "imageNames",
        },
        {
          "data": "linux/amd64",
          "type": "platform",
        },
        {
          "data": "0.0.0-local",
          "type": "pluginVersion",
        },
      ],
      "identity": {
        "args": {
          "platform": "linux/amd64",
        },
        "type": "linux",
      },
      "target": {
        "image": "docker-image|snyk/runtime-fixtures",
      },
    },
  ],
}
`;
