// Jest Snapshot v1, https://goo.gl/fbAQLP

exports[`apk package manager tests should correctly analyze an apk image 1`] = `
{
  "scanResults": [
    {
      "facts": [
        {
          "data": {
            "graph": {
              "nodes": [
                {
                  "deps": [
                    {
                      "nodeId": "alpine-baselayout/alpine-baselayout@3.2.0-r6",
                    },
                    {
                      "nodeId": "alpine-keys/alpine-keys@2.2-r0",
                    },
                    {
                      "nodeId": "apk-tools/apk-tools@2.10.5-r1",
                    },
                    {
                      "nodeId": "busybox/busybox@1.31.1-r16|2",
                    },
                    {
                      "nodeId": "busybox/ssl_client@1.31.1-r16",
                    },
                    {
                      "nodeId": "ca-certificates/ca-certificates-bundle@20191127-r2",
                    },
                    {
                      "nodeId": "libc-dev/libc-utils@0.7.2-r3",
                    },
                    {
                      "nodeId": "libtls-standalone/libtls-standalone@2.9.1-r1|2",
                    },
                    {
                      "nodeId": "musl/musl@1.1.24-r8",
                    },
                    {
                      "nodeId": "musl/musl-utils@1.1.24-r8|2",
                    },
                    {
                      "nodeId": "openssl/libcrypto1.1@1.1.1g-r0|2",
                    },
                    {
                      "nodeId": "openssl/libssl1.1@1.1.1g-r0|2",
                    },
                    {
                      "nodeId": "pax-utils/scanelf@1.2.6-r0|2",
                    },
                    {
                      "nodeId": "zlib/zlib@1.2.11-r3|2",
                    },
                  ],
                  "nodeId": "root-node",
                  "pkgId": "docker-image|alpine@3.12.0",
                },
                {
                  "deps": [],
                  "nodeId": "busybox/busybox@1.31.1-r16|1",
                  "pkgId": "busybox/busybox@1.31.1-r16",
                },
                {
                  "deps": [
                    {
                      "nodeId": "musl/musl@1.1.24-r8",
                    },
                  ],
                  "nodeId": "busybox/busybox@1.31.1-r16|2",
                  "pkgId": "busybox/busybox@1.31.1-r16",
                },
                {
                  "deps": [],
                  "nodeId": "musl/musl@1.1.24-r8",
                  "pkgId": "musl/musl@1.1.24-r8",
                },
                {
                  "deps": [
                    {
                      "nodeId": "busybox/busybox@1.31.1-r16|1",
                    },
                    {
                      "nodeId": "musl/musl@1.1.24-r8",
                    },
                  ],
                  "nodeId": "alpine-baselayout/alpine-baselayout@3.2.0-r6",
                  "pkgId": "alpine-baselayout/alpine-baselayout@3.2.0-r6",
                },
                {
                  "deps": [],
                  "nodeId": "alpine-keys/alpine-keys@2.2-r0",
                  "pkgId": "alpine-keys/alpine-keys@2.2-r0",
                },
                {
                  "deps": [],
                  "nodeId": "openssl/libcrypto1.1@1.1.1g-r0|1",
                  "pkgId": "openssl/libcrypto1.1@1.1.1g-r0",
                },
                {
                  "deps": [
                    {
                      "nodeId": "musl/musl@1.1.24-r8",
                    },
                  ],
                  "nodeId": "openssl/libcrypto1.1@1.1.1g-r0|2",
                  "pkgId": "openssl/libcrypto1.1@1.1.1g-r0",
                },
                {
                  "deps": [],
                  "nodeId": "openssl/libssl1.1@1.1.1g-r0|1",
                  "pkgId": "openssl/libssl1.1@1.1.1g-r0",
                },
                {
                  "deps": [
                    {
                      "nodeId": "musl/musl@1.1.24-r8",
                    },
                    {
                      "nodeId": "openssl/libcrypto1.1@1.1.1g-r0|1",
                    },
                  ],
                  "nodeId": "openssl/libssl1.1@1.1.1g-r0|2",
                  "pkgId": "openssl/libssl1.1@1.1.1g-r0",
                },
                {
                  "deps": [],
                  "nodeId": "zlib/zlib@1.2.11-r3|1",
                  "pkgId": "zlib/zlib@1.2.11-r3",
                },
                {
                  "deps": [
                    {
                      "nodeId": "musl/musl@1.1.24-r8",
                    },
                  ],
                  "nodeId": "zlib/zlib@1.2.11-r3|2",
                  "pkgId": "zlib/zlib@1.2.11-r3",
                },
                {
                  "deps": [
                    {
                      "nodeId": "musl/musl@1.1.24-r8",
                    },
                    {
                      "nodeId": "openssl/libcrypto1.1@1.1.1g-r0|1",
                    },
                    {
                      "nodeId": "openssl/libssl1.1@1.1.1g-r0|1",
                    },
                    {
                      "nodeId": "zlib/zlib@1.2.11-r3|1",
                    },
                  ],
                  "nodeId": "apk-tools/apk-tools@2.10.5-r1",
                  "pkgId": "apk-tools/apk-tools@2.10.5-r1",
                },
                {
                  "deps": [],
                  "nodeId": "libtls-standalone/libtls-standalone@2.9.1-r1|1",
                  "pkgId": "libtls-standalone/libtls-standalone@2.9.1-r1",
                },
                {
                  "deps": [
                    {
                      "nodeId": "ca-certificates/ca-certificates-bundle@20191127-r2",
                    },
                    {
                      "nodeId": "musl/musl@1.1.24-r8",
                    },
                    {
                      "nodeId": "openssl/libcrypto1.1@1.1.1g-r0|1",
                    },
                    {
                      "nodeId": "openssl/libssl1.1@1.1.1g-r0|1",
                    },
                  ],
                  "nodeId": "libtls-standalone/libtls-standalone@2.9.1-r1|2",
                  "pkgId": "libtls-standalone/libtls-standalone@2.9.1-r1",
                },
                {
                  "deps": [
                    {
                      "nodeId": "libtls-standalone/libtls-standalone@2.9.1-r1|1",
                    },
                    {
                      "nodeId": "musl/musl@1.1.24-r8",
                    },
                  ],
                  "nodeId": "busybox/ssl_client@1.31.1-r16",
                  "pkgId": "busybox/ssl_client@1.31.1-r16",
                },
                {
                  "deps": [],
                  "nodeId": "ca-certificates/ca-certificates-bundle@20191127-r2",
                  "pkgId": "ca-certificates/ca-certificates-bundle@20191127-r2",
                },
                {
                  "deps": [],
                  "nodeId": "musl/musl-utils@1.1.24-r8|1",
                  "pkgId": "musl/musl-utils@1.1.24-r8",
                },
                {
                  "deps": [
                    {
                      "nodeId": "musl/musl@1.1.24-r8",
                    },
                    {
                      "nodeId": "pax-utils/scanelf@1.2.6-r0|1",
                    },
                  ],
                  "nodeId": "musl/musl-utils@1.1.24-r8|2",
                  "pkgId": "musl/musl-utils@1.1.24-r8",
                },
                {
                  "deps": [
                    {
                      "nodeId": "musl/musl-utils@1.1.24-r8|1",
                    },
                  ],
                  "nodeId": "libc-dev/libc-utils@0.7.2-r3",
                  "pkgId": "libc-dev/libc-utils@0.7.2-r3",
                },
                {
                  "deps": [],
                  "nodeId": "pax-utils/scanelf@1.2.6-r0|1",
                  "pkgId": "pax-utils/scanelf@1.2.6-r0",
                },
                {
                  "deps": [
                    {
                      "nodeId": "musl/musl@1.1.24-r8",
                    },
                  ],
                  "nodeId": "pax-utils/scanelf@1.2.6-r0|2",
                  "pkgId": "pax-utils/scanelf@1.2.6-r0",
                },
              ],
              "rootNodeId": "root-node",
            },
            "pkgManager": {
              "name": "apk",
              "repositories": [
                {
                  "alias": "alpine:3.12.0",
                },
              ],
            },
            "pkgs": [
              {
                "id": "docker-image|alpine@3.12.0",
                "info": {
                  "name": "docker-image|alpine",
                  "version": "3.12.0",
                },
              },
              {
                "id": "busybox/busybox@1.31.1-r16",
                "info": {
                  "name": "busybox/busybox",
                  "version": "1.31.1-r16",
                },
              },
              {
                "id": "musl/musl@1.1.24-r8",
                "info": {
                  "name": "musl/musl",
                  "version": "1.1.24-r8",
                },
              },
              {
                "id": "alpine-baselayout/alpine-baselayout@3.2.0-r6",
                "info": {
                  "name": "alpine-baselayout/alpine-baselayout",
                  "version": "3.2.0-r6",
                },
              },
              {
                "id": "alpine-keys/alpine-keys@2.2-r0",
                "info": {
                  "name": "alpine-keys/alpine-keys",
                  "version": "2.2-r0",
                },
              },
              {
                "id": "openssl/libcrypto1.1@1.1.1g-r0",
                "info": {
                  "name": "openssl/libcrypto1.1",
                  "version": "1.1.1g-r0",
                },
              },
              {
                "id": "openssl/libssl1.1@1.1.1g-r0",
                "info": {
                  "name": "openssl/libssl1.1",
                  "version": "1.1.1g-r0",
                },
              },
              {
                "id": "zlib/zlib@1.2.11-r3",
                "info": {
                  "name": "zlib/zlib",
                  "version": "1.2.11-r3",
                },
              },
              {
                "id": "apk-tools/apk-tools@2.10.5-r1",
                "info": {
                  "name": "apk-tools/apk-tools",
                  "version": "2.10.5-r1",
                },
              },
              {
                "id": "libtls-standalone/libtls-standalone@2.9.1-r1",
                "info": {
                  "name": "libtls-standalone/libtls-standalone",
                  "version": "2.9.1-r1",
                },
              },
              {
                "id": "busybox/ssl_client@1.31.1-r16",
                "info": {
                  "name": "busybox/ssl_client",
                  "version": "1.31.1-r16",
                },
              },
              {
                "id": "ca-certificates/ca-certificates-bundle@20191127-r2",
                "info": {
                  "name": "ca-certificates/ca-certificates-bundle",
                  "version": "20191127-r2",
                },
              },
              {
                "id": "musl/musl-utils@1.1.24-r8",
                "info": {
                  "name": "musl/musl-utils",
                  "version": "1.1.24-r8",
                },
              },
              {
                "id": "libc-dev/libc-utils@0.7.2-r3",
                "info": {
                  "name": "libc-dev/libc-utils",
                  "version": "0.7.2-r3",
                },
              },
              {
                "id": "pax-utils/scanelf@1.2.6-r0",
                "info": {
                  "name": "pax-utils/scanelf",
                  "version": "1.2.6-r0",
                },
              },
            ],
            "schemaVersion": "1.3.0",
          },
          "type": "depGraph",
        },
        {
          "data": "sha256:a24bb4013296f61e89ba57005a7b3e52274d8edd3ae2077d04395f806b63d83e",
          "type": "imageId",
        },
        {
          "data": [
            "sha256:50644c29ef5a27c9a40c393a73ece2479de78325cae7d762ef3cdc19bf42dd0a",
          ],
          "type": "imageLayers",
        },
        {
          "data": {
            "argsEscaped": true,
            "cmd": [
              "/bin/sh",
            ],
            "entrypoint": null,
            "env": [
              "PATH=/usr/local/sbin:/usr/local/bin:/usr/sbin:/usr/bin:/sbin:/bin",
            ],
            "user": "",
            "volumes": null,
            "workingDir": "",
          },
          "type": "containerConfig",
        },
        {
          "data": [
            {
              "created": "2020-05-29T21:19:46.192045972Z",
              "createdBy": "/bin/sh -c #(nop) ADD file:c92c248239f8c7b9b3c067650954815f391b7bcb09023f984972c082ace2a8d0 in / ",
            },
            {
              "created": "2020-05-29T21:19:46.363518345Z",
              "createdBy": "/bin/sh -c #(nop)  CMD ["/bin/sh"]",
              "emptyLayer": true,
            },
          ],
          "type": "history",
        },
        {
          "data": "2020-05-29T21:19:46.363518345Z",
          "type": "imageCreationTime",
        },
        {
          "data": [
            "sha256:50644c29ef5a27c9a40c393a73ece2479de78325cae7d762ef3cdc19bf42dd0a",
          ],
          "type": "rootFs",
        },
        {
          "data": "Alpine Linux v3.12",
          "type": "imageOsReleasePrettyName",
        },
        {
          "data": {
            "names": [
              "alpine:3.12.0",
            ],
          },
          "type": "imageNames",
        },
        {
          "data": "linux/amd64",
          "type": "platform",
        },
        {
          "data": "0.0.0-local",
          "type": "pluginVersion",
        },
      ],
      "identity": {
        "args": {
          "platform": "linux/amd64",
        },
        "type": "apk",
      },
      "target": {
        "image": "docker-image|alpine",
      },
    },
  ],
}
`;

exports[`apk package manager tests should correctly analyze an apk image with newer wolfi/chainguard database location at /usr/lib/apk/ 1`] = `
{
  "scanResults": [
    {
      "facts": [
        {
          "data": {
            "graph": {
              "nodes": [
                {
                  "deps": [
                    {
                      "nodeId": "bash/bash@5.2.37-r33",
                    },
                    {
                      "nodeId": "brotli/libbrotlicommon1@1.1.0-r5",
                    },
                    {
                      "nodeId": "brotli/libbrotlidec1@1.1.0-r5|1",
                    },
                    {
                      "nodeId": "busybox/busybox@1.37.0-r46",
                    },
                    {
                      "nodeId": "ca-certificates/ca-certificates-bundle@20241121-r42",
                    },
                    {
                      "nodeId": "curl/curl@8.14.1-r2",
                    },
                    {
                      "nodeId": "curl/libcurl-openssl4@8.14.1-r2|2",
                    },
                    {
                      "nodeId": "cyrus-sasl/cyrus-sasl@2.1.28-r42|1",
                    },
                    {
                      "nodeId": "e2fsprogs/libcom_err@1.47.2-r22",
                    },
                    {
                      "nodeId": "gcc/libgcc@15.1.0-r1",
                    },
                    {
                      "nodeId": "gdbm/gdbm@1.25-r1",
                    },
                    {
                      "nodeId": "glibc/glibc@2.41-r9",
                    },
                    {
                      "nodeId": "glibc/glibc-locale-posix@2.41-r9",
                    },
                    {
                      "nodeId": "glibc/ld-linux@2.41-r9",
                    },
                    {
                      "nodeId": "glibc/libcrypt1@2.41-r9|2",
                    },
                    {
                      "nodeId": "heimdal/heimdal-libs@7.8.0-r41|2",
                    },
                    {
                      "nodeId": "keyutils/keyutils-libs@1.6.3-r35",
                    },
                    {
                      "nodeId": "krb5-conf/krb5-conf@1.0-r6",
                    },
                    {
                      "nodeId": "krb5/krb5-libs@1.21.3-r42|2",
                    },
                    {
                      "nodeId": "libidn2/libidn2@2.3.8-r1|1",
                    },
                    {
                      "nodeId": "libpsl/libpsl@0.21.5-r5|2",
                    },
                    {
                      "nodeId": "libunistring/libunistring@1.3-r2",
                    },
                    {
                      "nodeId": "libverto/libverto@0.3.2-r5",
                    },
                    {
                      "nodeId": "libxcrypt/libxcrypt@4.4.38-r2|2",
                    },
                    {
                      "nodeId": "ncurses/ncurses@6.5_p20241228-r2|2",
                    },
                    {
                      "nodeId": "ncurses/ncurses-terminfo-base@6.5_p20241228-r2|2",
                    },
                    {
                      "nodeId": "nghttp2/libnghttp2-14@1.66.0-r0",
                    },
                    {
                      "nodeId": "openldap/libldap@2.6.10-r2|2",
                    },
                    {
                      "nodeId": "openssl/libcrypto3@3.5.0-r2",
                    },
                    {
                      "nodeId": "openssl/libssl3@3.5.0-r2|2",
                    },
                    {
                      "nodeId": "readline/readline@8.2.13-r4|2",
                    },
                    {
                      "nodeId": "sqlite/sqlite-libs@3.50.1-r0",
                    },
                    {
                      "nodeId": "wolfi-baselayout/wolfi-baselayout@20230201-r20",
                    },
                    {
                      "nodeId": "zlib/zlib@1.3.1-r7",
                    },
                  ],
                  "nodeId": "root-node",
                  "pkgId": "docker-image|chainguard/bash@",
                },
                {
                  "deps": [],
                  "nodeId": "ncurses/ncurses@6.5_p20241228-r2|1",
                  "pkgId": "ncurses/ncurses@6.5_p20241228-r2",
                },
                {
                  "deps": [
                    {
                      "nodeId": "ncurses/ncurses-terminfo-base@6.5_p20241228-r2|1",
                    },
                  ],
                  "nodeId": "ncurses/ncurses@6.5_p20241228-r2|2",
                  "pkgId": "ncurses/ncurses@6.5_p20241228-r2",
                },
                {
                  "deps": [
                    {
                      "nodeId": "ncurses/ncurses@6.5_p20241228-r2|1",
                    },
                  ],
                  "nodeId": "bash/bash@5.2.37-r33",
                  "pkgId": "bash/bash@5.2.37-r33",
                },
                {
                  "deps": [],
                  "nodeId": "brotli/libbrotlicommon1@1.1.0-r5",
                  "pkgId": "brotli/libbrotlicommon1@1.1.0-r5",
                },
                {
                  "deps": [
                    {
                      "nodeId": "brotli/libbrotlicommon1@1.1.0-r5",
                    },
                  ],
                  "nodeId": "brotli/libbrotlidec1@1.1.0-r5|1",
                  "pkgId": "brotli/libbrotlidec1@1.1.0-r5",
                },
                {
                  "deps": [],
                  "nodeId": "brotli/libbrotlidec1@1.1.0-r5|2",
                  "pkgId": "brotli/libbrotlidec1@1.1.0-r5",
                },
                {
                  "deps": [],
                  "nodeId": "glibc/libcrypt1@2.41-r9|1",
                  "pkgId": "glibc/libcrypt1@2.41-r9",
                },
                {
                  "deps": [
                    {
                      "nodeId": "libxcrypt/libxcrypt@4.4.38-r2|1",
                    },
                  ],
                  "nodeId": "glibc/libcrypt1@2.41-r9|2",
                  "pkgId": "glibc/libcrypt1@2.41-r9",
                },
                {
                  "deps": [
                    {
                      "nodeId": "glibc/libcrypt1@2.41-r9|1",
                    },
                  ],
                  "nodeId": "busybox/busybox@1.37.0-r46",
                  "pkgId": "busybox/busybox@1.37.0-r46",
                },
                {
                  "deps": [],
                  "nodeId": "ca-certificates/ca-certificates-bundle@20241121-r42",
                  "pkgId": "ca-certificates/ca-certificates-bundle@20241121-r42",
                },
                {
                  "deps": [],
                  "nodeId": "curl/libcurl-openssl4@8.14.1-r2|1",
                  "pkgId": "curl/libcurl-openssl4@8.14.1-r2",
                },
                {
                  "deps": [
                    {
                      "nodeId": "brotli/libbrotlidec1@1.1.0-r5|2",
                    },
                    {
                      "nodeId": "krb5/krb5-libs@1.21.3-r42|1",
                    },
                    {
                      "nodeId": "libpsl/libpsl@0.21.5-r5|1",
                    },
                    {
                      "nodeId": "nghttp2/libnghttp2-14@1.66.0-r0",
                    },
                    {
                      "nodeId": "openldap/libldap@2.6.10-r2|1",
                    },
                    {
                      "nodeId": "openssl/libcrypto3@3.5.0-r2",
                    },
                    {
                      "nodeId": "openssl/libssl3@3.5.0-r2|1",
                    },
                    {
                      "nodeId": "zlib/zlib@1.3.1-r7",
                    },
                  ],
                  "nodeId": "curl/libcurl-openssl4@8.14.1-r2|2",
                  "pkgId": "curl/libcurl-openssl4@8.14.1-r2",
                },
                {
                  "deps": [],
                  "nodeId": "zlib/zlib@1.3.1-r7",
                  "pkgId": "zlib/zlib@1.3.1-r7",
                },
                {
                  "deps": [
                    {
                      "nodeId": "curl/libcurl-openssl4@8.14.1-r2|1",
                    },
                    {
                      "nodeId": "zlib/zlib@1.3.1-r7",
                    },
                  ],
                  "nodeId": "curl/curl@8.14.1-r2",
                  "pkgId": "curl/curl@8.14.1-r2",
                },
                {
                  "deps": [],
                  "nodeId": "krb5/krb5-libs@1.21.3-r42|1",
                  "pkgId": "krb5/krb5-libs@1.21.3-r42",
                },
                {
                  "deps": [
                    {
                      "nodeId": "e2fsprogs/libcom_err@1.47.2-r22",
                    },
                    {
                      "nodeId": "keyutils/keyutils-libs@1.6.3-r35",
                    },
                    {
                      "nodeId": "krb5-conf/krb5-conf@1.0-r6",
                    },
                    {
                      "nodeId": "libverto/libverto@0.3.2-r5",
                    },
                    {
                      "nodeId": "openssl/libcrypto3@3.5.0-r2",
                    },
                    {
                      "nodeId": "openssl/libssl3@3.5.0-r2|1",
                    },
                  ],
                  "nodeId": "krb5/krb5-libs@1.21.3-r42|2",
                  "pkgId": "krb5/krb5-libs@1.21.3-r42",
                },
                {
                  "deps": [],
                  "nodeId": "libpsl/libpsl@0.21.5-r5|1",
                  "pkgId": "libpsl/libpsl@0.21.5-r5",
                },
                {
                  "deps": [
                    {
                      "nodeId": "libidn2/libidn2@2.3.8-r1|2",
                    },
                    {
                      "nodeId": "libunistring/libunistring@1.3-r2",
                    },
                  ],
                  "nodeId": "libpsl/libpsl@0.21.5-r5|2",
                  "pkgId": "libpsl/libpsl@0.21.5-r5",
                },
                {
                  "deps": [],
                  "nodeId": "nghttp2/libnghttp2-14@1.66.0-r0",
                  "pkgId": "nghttp2/libnghttp2-14@1.66.0-r0",
                },
                {
                  "deps": [],
                  "nodeId": "openldap/libldap@2.6.10-r2|1",
                  "pkgId": "openldap/libldap@2.6.10-r2",
                },
                {
                  "deps": [
                    {
                      "nodeId": "cyrus-sasl/cyrus-sasl@2.1.28-r42|2",
                    },
                    {
                      "nodeId": "openssl/libcrypto3@3.5.0-r2",
                    },
                    {
                      "nodeId": "openssl/libssl3@3.5.0-r2|1",
                    },
                  ],
                  "nodeId": "openldap/libldap@2.6.10-r2|2",
                  "pkgId": "openldap/libldap@2.6.10-r2",
                },
                {
                  "deps": [],
                  "nodeId": "openssl/libcrypto3@3.5.0-r2",
                  "pkgId": "openssl/libcrypto3@3.5.0-r2",
                },
                {
                  "deps": [],
                  "nodeId": "openssl/libssl3@3.5.0-r2|1",
                  "pkgId": "openssl/libssl3@3.5.0-r2",
                },
                {
                  "deps": [
                    {
                      "nodeId": "openssl/libcrypto3@3.5.0-r2",
                    },
                  ],
                  "nodeId": "openssl/libssl3@3.5.0-r2|2",
                  "pkgId": "openssl/libssl3@3.5.0-r2",
                },
                {
                  "deps": [],
                  "nodeId": "gdbm/gdbm@1.25-r1",
                  "pkgId": "gdbm/gdbm@1.25-r1",
                },
                {
                  "deps": [],
                  "nodeId": "heimdal/heimdal-libs@7.8.0-r41|1",
                  "pkgId": "heimdal/heimdal-libs@7.8.0-r41",
                },
                {
                  "deps": [
                    {
                      "nodeId": "glibc/libcrypt1@2.41-r9|1",
                    },
                    {
                      "nodeId": "readline/readline@8.2.13-r4|1",
                    },
                    {
                      "nodeId": "sqlite/sqlite-libs@3.50.1-r0",
                    },
                  ],
                  "nodeId": "heimdal/heimdal-libs@7.8.0-r41|2",
                  "pkgId": "heimdal/heimdal-libs@7.8.0-r41",
                },
                {
                  "deps": [],
                  "nodeId": "sqlite/sqlite-libs@3.50.1-r0",
                  "pkgId": "sqlite/sqlite-libs@3.50.1-r0",
                },
                {
                  "deps": [
                    {
                      "nodeId": "gdbm/gdbm@1.25-r1",
                    },
                    {
                      "nodeId": "glibc/libcrypt1@2.41-r9|1",
                    },
                    {
                      "nodeId": "heimdal/heimdal-libs@7.8.0-r41|1",
                    },
                    {
                      "nodeId": "openssl/libcrypto3@3.5.0-r2",
                    },
                    {
                      "nodeId": "sqlite/sqlite-libs@3.50.1-r0",
                    },
                  ],
                  "nodeId": "cyrus-sasl/cyrus-sasl@2.1.28-r42|1",
                  "pkgId": "cyrus-sasl/cyrus-sasl@2.1.28-r42",
                },
                {
                  "deps": [],
                  "nodeId": "cyrus-sasl/cyrus-sasl@2.1.28-r42|2",
                  "pkgId": "cyrus-sasl/cyrus-sasl@2.1.28-r42",
                },
                {
                  "deps": [],
                  "nodeId": "e2fsprogs/libcom_err@1.47.2-r22",
                  "pkgId": "e2fsprogs/libcom_err@1.47.2-r22",
                },
                {
                  "deps": [],
                  "nodeId": "gcc/libgcc@15.1.0-r1",
                  "pkgId": "gcc/libgcc@15.1.0-r1",
                },
                {
                  "deps": [],
                  "nodeId": "glibc/glibc@2.41-r9",
                  "pkgId": "glibc/glibc@2.41-r9",
                },
                {
                  "deps": [],
                  "nodeId": "glibc/glibc-locale-posix@2.41-r9",
                  "pkgId": "glibc/glibc-locale-posix@2.41-r9",
                },
                {
                  "deps": [],
                  "nodeId": "glibc/ld-linux@2.41-r9",
                  "pkgId": "glibc/ld-linux@2.41-r9",
                },
                {
                  "deps": [],
                  "nodeId": "libxcrypt/libxcrypt@4.4.38-r2|1",
                  "pkgId": "libxcrypt/libxcrypt@4.4.38-r2",
                },
                {
                  "deps": [
                    {
                      "nodeId": "krb5-conf/krb5-conf@1.0-r6",
                    },
                  ],
                  "nodeId": "libxcrypt/libxcrypt@4.4.38-r2|2",
                  "pkgId": "libxcrypt/libxcrypt@4.4.38-r2",
                },
                {
                  "deps": [],
                  "nodeId": "readline/readline@8.2.13-r4|1",
                  "pkgId": "readline/readline@8.2.13-r4",
                },
                {
                  "deps": [
                    {
                      "nodeId": "ncurses/ncurses@6.5_p20241228-r2|1",
                    },
                  ],
                  "nodeId": "readline/readline@8.2.13-r4|2",
                  "pkgId": "readline/readline@8.2.13-r4",
                },
                {
                  "deps": [],
                  "nodeId": "keyutils/keyutils-libs@1.6.3-r35",
                  "pkgId": "keyutils/keyutils-libs@1.6.3-r35",
                },
                {
                  "deps": [],
                  "nodeId": "krb5-conf/krb5-conf@1.0-r6",
                  "pkgId": "krb5-conf/krb5-conf@1.0-r6",
                },
                {
                  "deps": [],
                  "nodeId": "libverto/libverto@0.3.2-r5",
                  "pkgId": "libverto/libverto@0.3.2-r5",
                },
                {
                  "deps": [],
                  "nodeId": "libunistring/libunistring@1.3-r2",
                  "pkgId": "libunistring/libunistring@1.3-r2",
                },
                {
                  "deps": [
                    {
                      "nodeId": "libunistring/libunistring@1.3-r2",
                    },
                  ],
                  "nodeId": "libidn2/libidn2@2.3.8-r1|1",
                  "pkgId": "libidn2/libidn2@2.3.8-r1",
                },
                {
                  "deps": [],
                  "nodeId": "libidn2/libidn2@2.3.8-r1|2",
                  "pkgId": "libidn2/libidn2@2.3.8-r1",
                },
                {
                  "deps": [],
                  "nodeId": "ncurses/ncurses-terminfo-base@6.5_p20241228-r2|1",
                  "pkgId": "ncurses/ncurses-terminfo-base@6.5_p20241228-r2",
                },
                {
                  "deps": [
                    {
                      "nodeId": "krb5-conf/krb5-conf@1.0-r6",
                    },
                  ],
                  "nodeId": "ncurses/ncurses-terminfo-base@6.5_p20241228-r2|2",
                  "pkgId": "ncurses/ncurses-terminfo-base@6.5_p20241228-r2",
                },
                {
                  "deps": [],
                  "nodeId": "wolfi-baselayout/wolfi-baselayout@20230201-r20",
                  "pkgId": "wolfi-baselayout/wolfi-baselayout@20230201-r20",
                },
              ],
              "rootNodeId": "root-node",
            },
            "pkgManager": {
              "name": "apk",
              "repositories": [
                {
                  "alias": "wolfi:20230201",
                },
              ],
            },
            "pkgs": [
              {
                "id": "docker-image|chainguard/bash@",
                "info": {
                  "name": "docker-image|chainguard/bash",
                  "version": undefined,
                },
              },
              {
                "id": "ncurses/ncurses@6.5_p20241228-r2",
                "info": {
                  "name": "ncurses/ncurses",
                  "version": "6.5_p20241228-r2",
                },
              },
              {
                "id": "bash/bash@5.2.37-r33",
                "info": {
                  "name": "bash/bash",
                  "version": "5.2.37-r33",
                },
              },
              {
                "id": "brotli/libbrotlicommon1@1.1.0-r5",
                "info": {
                  "name": "brotli/libbrotlicommon1",
                  "version": "1.1.0-r5",
                },
              },
              {
                "id": "brotli/libbrotlidec1@1.1.0-r5",
                "info": {
                  "name": "brotli/libbrotlidec1",
                  "version": "1.1.0-r5",
                },
              },
              {
                "id": "glibc/libcrypt1@2.41-r9",
                "info": {
                  "name": "glibc/libcrypt1",
                  "version": "2.41-r9",
                },
              },
              {
                "id": "busybox/busybox@1.37.0-r46",
                "info": {
                  "name": "busybox/busybox",
                  "version": "1.37.0-r46",
                },
              },
              {
                "id": "ca-certificates/ca-certificates-bundle@20241121-r42",
                "info": {
                  "name": "ca-certificates/ca-certificates-bundle",
                  "version": "20241121-r42",
                },
              },
              {
                "id": "curl/libcurl-openssl4@8.14.1-r2",
                "info": {
                  "name": "curl/libcurl-openssl4",
                  "version": "8.14.1-r2",
                },
              },
              {
                "id": "zlib/zlib@1.3.1-r7",
                "info": {
                  "name": "zlib/zlib",
                  "version": "1.3.1-r7",
                },
              },
              {
                "id": "curl/curl@8.14.1-r2",
                "info": {
                  "name": "curl/curl",
                  "version": "8.14.1-r2",
                },
              },
              {
                "id": "krb5/krb5-libs@1.21.3-r42",
                "info": {
                  "name": "krb5/krb5-libs",
                  "version": "1.21.3-r42",
                },
              },
              {
                "id": "libpsl/libpsl@0.21.5-r5",
                "info": {
                  "name": "libpsl/libpsl",
                  "version": "0.21.5-r5",
                },
              },
              {
                "id": "nghttp2/libnghttp2-14@1.66.0-r0",
                "info": {
                  "name": "nghttp2/libnghttp2-14",
                  "version": "1.66.0-r0",
                },
              },
              {
                "id": "openldap/libldap@2.6.10-r2",
                "info": {
                  "name": "openldap/libldap",
                  "version": "2.6.10-r2",
                },
              },
              {
                "id": "openssl/libcrypto3@3.5.0-r2",
                "info": {
                  "name": "openssl/libcrypto3",
                  "version": "3.5.0-r2",
                },
              },
              {
                "id": "openssl/libssl3@3.5.0-r2",
                "info": {
                  "name": "openssl/libssl3",
                  "version": "3.5.0-r2",
                },
              },
              {
                "id": "gdbm/gdbm@1.25-r1",
                "info": {
                  "name": "gdbm/gdbm",
                  "version": "1.25-r1",
                },
              },
              {
                "id": "heimdal/heimdal-libs@7.8.0-r41",
                "info": {
                  "name": "heimdal/heimdal-libs",
                  "version": "7.8.0-r41",
                },
              },
              {
                "id": "sqlite/sqlite-libs@3.50.1-r0",
                "info": {
                  "name": "sqlite/sqlite-libs",
                  "version": "3.50.1-r0",
                },
              },
              {
                "id": "cyrus-sasl/cyrus-sasl@2.1.28-r42",
                "info": {
                  "name": "cyrus-sasl/cyrus-sasl",
                  "version": "2.1.28-r42",
                },
              },
              {
                "id": "e2fsprogs/libcom_err@1.47.2-r22",
                "info": {
                  "name": "e2fsprogs/libcom_err",
                  "version": "1.47.2-r22",
                },
              },
              {
                "id": "gcc/libgcc@15.1.0-r1",
                "info": {
                  "name": "gcc/libgcc",
                  "version": "15.1.0-r1",
                },
              },
              {
                "id": "glibc/glibc@2.41-r9",
                "info": {
                  "name": "glibc/glibc",
                  "version": "2.41-r9",
                },
              },
              {
                "id": "glibc/glibc-locale-posix@2.41-r9",
                "info": {
                  "name": "glibc/glibc-locale-posix",
                  "version": "2.41-r9",
                },
              },
              {
                "id": "glibc/ld-linux@2.41-r9",
                "info": {
                  "name": "glibc/ld-linux",
                  "version": "2.41-r9",
                },
              },
              {
                "id": "libxcrypt/libxcrypt@4.4.38-r2",
                "info": {
                  "name": "libxcrypt/libxcrypt",
                  "version": "4.4.38-r2",
                },
              },
              {
                "id": "readline/readline@8.2.13-r4",
                "info": {
                  "name": "readline/readline",
                  "version": "8.2.13-r4",
                },
              },
              {
                "id": "keyutils/keyutils-libs@1.6.3-r35",
                "info": {
                  "name": "keyutils/keyutils-libs",
                  "version": "1.6.3-r35",
                },
              },
              {
                "id": "krb5-conf/krb5-conf@1.0-r6",
                "info": {
                  "name": "krb5-conf/krb5-conf",
                  "version": "1.0-r6",
                },
              },
              {
                "id": "libverto/libverto@0.3.2-r5",
                "info": {
                  "name": "libverto/libverto",
                  "version": "0.3.2-r5",
                },
              },
              {
                "id": "libunistring/libunistring@1.3-r2",
                "info": {
                  "name": "libunistring/libunistring",
                  "version": "1.3-r2",
                },
              },
              {
                "id": "libidn2/libidn2@2.3.8-r1",
                "info": {
                  "name": "libidn2/libidn2",
                  "version": "2.3.8-r1",
                },
              },
              {
                "id": "ncurses/ncurses-terminfo-base@6.5_p20241228-r2",
                "info": {
                  "name": "ncurses/ncurses-terminfo-base",
                  "version": "6.5_p20241228-r2",
                },
              },
              {
                "id": "wolfi-baselayout/wolfi-baselayout@20230201-r20",
                "info": {
                  "name": "wolfi-baselayout/wolfi-baselayout",
                  "version": "20230201-r20",
                },
              },
            ],
            "schemaVersion": "1.3.0",
          },
          "type": "depGraph",
        },
        {
          "data": "sha256:217ae7909154e49579538cb9d72ea85d840db71257f7ac4c34e1de6a456155c0",
          "type": "imageId",
        },
        {
          "data": [
            "sha256:62c4934e5eb385ee358a5be9db09d577da7b69f693630964b6d4951f45fd48f6",
            "sha256:a5f6da52dd2b6a924287e3c2005bf2e825c0e95226332fcba63bbc188392ac2d",
            "sha256:4f399afdd814d166d5cb3c2d4ca4c3753047ecc5f5a5ba9109c95f6ce6831481",
            "sha256:0630b0839bcfcd0808ffc4f92c9ef660b58710eed55492dd04fe98aea4639f9f",
            "sha256:cf85318006d0c750f3336ef6c8cdb997bc36bb5a654e78b499e61485a0eb4b2d",
            "sha256:a698ccf181e248fad4715fb089927614853e32b41b5c8f734d549aea626eaebd",
            "sha256:3974f70b2b33dcaf636e092ec8b3793f99482acafa9199ccde34de03c334a7d5",
            "sha256:c20be7ba028069931ca5cfd8760cfba74f63ac8154fb9e1ac91cc2c603747961",
            "sha256:e082dc465d6818b184733427de33e9a8ef668db3dedca267da84edf9a371fc3d",
            "sha256:eda34620677dd351ef90e4fa8f6351252759d9cdd328497c9230132b8cc628b5",
            "sha256:0cbb60e4dc94da630bcf48f42035626de5235dee85d0a154513ecf0271ef2cfd",
          ],
          "type": "imageLayers",
        },
        {
          "data": {
            "dev.chainguard.package.main": "",
            "org.opencontainers.image.authors": "Chainguard Team https://www.chainguard.dev/",
            "org.opencontainers.image.created": "2025-06-17T13:28:42Z",
            "org.opencontainers.image.source": "https://github.com/chainguard-images/images/tree/main/images/bash",
            "org.opencontainers.image.url": "https://images.chainguard.dev/directory/image/bash/overview",
            "org.opencontainers.image.vendor": "Chainguard",
          },
          "type": "imageLabels",
        },
        {
          "data": {
            "entrypoint": [
              "/bin/bash",
              "-c",
            ],
            "env": [
              "PATH=/usr/local/sbin:/usr/local/bin:/usr/bin:/usr/sbin:/sbin:/bin",
              "SSL_CERT_FILE=/etc/ssl/certs/ca-certificates.crt",
            ],
            "user": "0",
          },
          "type": "containerConfig",
        },
        {
          "data": [
            {
              "author": "apko",
              "created": "2025-06-17T13:28:42Z",
              "createdBy": "apko",
            },
            {
              "author": "apko",
              "created": "2025-06-17T13:28:42Z",
              "createdBy": "apko",
            },
            {
              "author": "apko",
              "created": "2025-06-17T13:28:42Z",
              "createdBy": "apko",
            },
            {
              "author": "apko",
              "created": "2025-06-17T13:28:42Z",
              "createdBy": "apko",
            },
            {
              "author": "apko",
              "created": "2025-06-17T13:28:42Z",
              "createdBy": "apko",
            },
            {
              "author": "apko",
              "created": "2025-06-17T13:28:42Z",
              "createdBy": "apko",
            },
            {
              "author": "apko",
              "created": "2025-06-17T13:28:42Z",
              "createdBy": "apko",
            },
            {
              "author": "apko",
              "created": "2025-06-17T13:28:42Z",
              "createdBy": "apko",
            },
            {
              "author": "apko",
              "created": "2025-06-17T13:28:42Z",
              "createdBy": "apko",
            },
            {
              "author": "apko",
              "created": "2025-06-17T13:28:42Z",
              "createdBy": "apko",
            },
            {
              "author": "apko",
              "created": "2025-06-17T13:28:42Z",
              "createdBy": "apko",
            },
          ],
          "type": "history",
        },
        {
          "data": "2025-06-17T13:28:42Z",
          "type": "imageCreationTime",
        },
        {
          "data": [
            "sha256:62c4934e5eb385ee358a5be9db09d577da7b69f693630964b6d4951f45fd48f6",
            "sha256:a5f6da52dd2b6a924287e3c2005bf2e825c0e95226332fcba63bbc188392ac2d",
            "sha256:4f399afdd814d166d5cb3c2d4ca4c3753047ecc5f5a5ba9109c95f6ce6831481",
            "sha256:0630b0839bcfcd0808ffc4f92c9ef660b58710eed55492dd04fe98aea4639f9f",
            "sha256:cf85318006d0c750f3336ef6c8cdb997bc36bb5a654e78b499e61485a0eb4b2d",
            "sha256:a698ccf181e248fad4715fb089927614853e32b41b5c8f734d549aea626eaebd",
            "sha256:3974f70b2b33dcaf636e092ec8b3793f99482acafa9199ccde34de03c334a7d5",
            "sha256:c20be7ba028069931ca5cfd8760cfba74f63ac8154fb9e1ac91cc2c603747961",
            "sha256:e082dc465d6818b184733427de33e9a8ef668db3dedca267da84edf9a371fc3d",
            "sha256:eda34620677dd351ef90e4fa8f6351252759d9cdd328497c9230132b8cc628b5",
            "sha256:0cbb60e4dc94da630bcf48f42035626de5235dee85d0a154513ecf0271ef2cfd",
          ],
          "type": "rootFs",
        },
        {
          "data": "Wolfi",
          "type": "imageOsReleasePrettyName",
        },
        {
          "data": {
            "names": [
              "chainguard/bash@sha256:642933df66209814502599053ca3dfa97cccf847badc4219d2b1fd6565f6559a",
            ],
          },
          "type": "imageNames",
        },
        {
          "data": "linux/amd64",
          "type": "platform",
        },
        {
          "data": "0.0.0-local",
          "type": "pluginVersion",
        },
      ],
      "identity": {
        "args": {
          "platform": "linux/amd64",
        },
        "type": "apk",
      },
      "target": {
        "image": "docker-image|chainguard/bash",
      },
    },
  ],
}
`;
